2026-06-18 11:57:53 INFO === Daily update start ===
2026-06-18 11:57:53 INFO log file: logs/update_20260618.log
2026-06-18 11:57:53 INFO 종목 마스터: 199 종목
2026-06-18 11:57:53 INFO 로컬 CSV: 199 종목
2026-06-18 11:57:54 INFO [DEBUG_COLS] OHLCV columns for 005930: ['시가', '고가', '저가', '종가', '거래량', '등락률']
2026-06-18 11:58:00 INFO [DEBUG_COLS] Trader columns for 005930: ['금융투자', '보험', '투신', '사모', '은행', '기타금융', '연기금', '기타법인', '개인', '외국인', '기타외국인', '전체']
2026-06-18 11:58:00 INFO [UPDATE] 005930 삼성전자: +1 rows (total 2469)
2026-06-18 11:58:02 INFO [UPDATE] 000660 SK하이닉스: +1 rows (total 2469)
2026-06-18 11:58:02 INFO [UPDATE] 006400 삼성SDI: +1 rows (total 2469)
2026-06-18 11:58:03 INFO [UPDATE] 009150 삼성전기: +1 rows (total 2469)
2026-06-18 11:58:04 INFO [UPDATE] 028260 삼성물산: +1 rows (total 2469)
2026-06-18 11:58:06 INFO [UPDATE] 010140 삼성중공업: +1 rows (total 2469)
2026-06-18 11:58:07 INFO [UPDATE] 018260 삼성에스디에스: +1 rows (total 2469)
2026-06-18 11:58:08 INFO [UPDATE] 005380 현대차: +1 rows (total 2469)
2026-06-18 11:58:09 INFO [UPDATE] 012330 현대모비스: +1 rows (total 2469)
2026-06-18 11:58:10 INFO [UPDATE] 064350 현대로템: +1 rows (total 2469)
2026-06-18 11:58:11 INFO [UPDATE] 267260 HD현대일렉트릭: +1 rows (total 2233)
2026-06-18 11:58:12 INFO [UPDATE] 000880 한화: +1 rows (total 2469)
2026-06-18 11:58:13 INFO [UPDATE] 012450 한화에어로스페이스: +1 rows (total 2469)
2026-06-18 11:58:14 INFO [UPDATE] 272210 한화시스템: +1 rows (total 1618)
2026-06-18 11:58:15 INFO [UPDATE] 042660 한화오션: +1 rows (total 2469)
2026-06-18 11:58:17 INFO [UPDATE] 034020 두산에너빌리티: +1 rows (total 2469)
2026-06-18 11:58:18 INFO [UPDATE] 006260 LS: +1 rows (total 2469)
2026-06-18 11:58:18 INFO [UPDATE] 010120 LS일렉트릭: +1 rows (total 2469)
2026-06-18 11:58:19 INFO [UPDATE] 003550 LG: +1 rows (total 2469)
2026-06-18 11:58:21 INFO [UPDATE] 066570 LG전자: +1 rows (total 2469)
2026-06-18 11:58:22 INFO [UPDATE] 064400 LG씨엔에스: +1 rows (total 334)
2026-06-18 11:58:23 INFO [UPDATE] 034730 SK: +1 rows (total 2469)
2026-06-18 11:58:24 INFO [UPDATE] 402340 SK스퀘어: +1 rows (total 1113)
2026-06-18 11:58:25 INFO [UPDATE] 096770 SK이노베이션: +1 rows (total 2469)
2026-06-18 11:58:26 INFO [UPDATE] 005490 POSCO홀딩스: +1 rows (total 2469)
2026-06-18 11:58:28 INFO [UPDATE] 278470 에이피알: +1 rows (total 560)
2026-06-18 11:58:29 INFO [UPDATE] 161890 한국콜마: +1 rows (total 2469)
2026-06-18 11:58:30 INFO [UPDATE] 007660 이수페타시스: +1 rows (total 2469)
2026-06-18 11:58:31 INFO [UPDATE] 042700 한미반도체: +1 rows (total 2469)
2026-06-18 11:58:32 INFO [UPDATE] 090430 아모레퍼시픽: +1 rows (total 2468)
2026-06-18 11:58:33 INFO [UPDATE] 002790 아모레퍼시픽홀딩스: +1 rows (total 2468)
2026-06-18 11:58:34 INFO [UPDATE] 002030 아세아: +1 rows (total 2468)
2026-06-18 11:58:35 INFO [UPDATE] 282330 BGF리테일: +1 rows (total 2089)
2026-06-18 11:58:36 INFO [UPDATE] 138930 BNK금융지주: +1 rows (total 2468)
2026-06-18 11:58:37 INFO [UPDATE] 068270 셀트리온: +1 rows (total 2468)
2026-06-18 11:58:39 INFO [UPDATE] 030000 제일기획: +1 rows (total 2468)
2026-06-18 11:58:40 INFO [UPDATE] 185750 종근당: +1 rows (total 2468)
2026-06-18 11:58:41 INFO [UPDATE] 001040 CJ: +1 rows (total 2468)
2026-06-18 11:58:42 INFO [UPDATE] 097950 CJ제일제당: +1 rows (total 2468)
2026-06-18 11:58:43 INFO [UPDATE] 000120 CJ대한통운: +1 rows (total 2468)
2026-06-18 11:58:44 INFO [UPDATE] 192820 코스맥스: +1 rows (total 2468)
2026-06-18 11:58:45 INFO [UPDATE] 005420 코스모화학: +1 rows (total 2468)
2026-06-18 11:58:46 INFO [UPDATE] 021240 코웨이: +1 rows (total 2468)
2026-06-18 11:58:47 INFO [UPDATE] 112610 씨에스윈드: +1 rows (total 2468)
2026-06-18 11:58:48 INFO [UPDATE] 001680 대상: +1 rows (total 2468)
2026-06-18 11:58:49 INFO [UPDATE] 047040 대우건설: +1 rows (total 2468)
2026-06-18 11:58:50 INFO [UPDATE] 003090 대웅: +1 rows (total 2468)
2026-06-18 11:58:52 INFO [UPDATE] 069620 대웅제약: +1 rows (total 2468)
2026-06-18 11:58:53 INFO [UPDATE] 005830 DB손해보험: +1 rows (total 2468)
2026-06-18 11:58:54 INFO [UPDATE] 000210 DL: +1 rows (total 2468)
2026-06-18 11:58:55 INFO [UPDATE] 375500 DL이앤씨: +1 rows (total 1322)
2026-06-18 11:58:56 INFO [UPDATE] 007340 DN오토모티브: +1 rows (total 2468)
2026-06-18 11:58:57 INFO [UPDATE] 026960 동서: +1 rows (total 2468)
2026-06-18 11:58:59 INFO [UPDATE] 006040 동원산업: +1 rows (total 2468)
2026-06-18 11:59:00 INFO [UPDATE] 014820 동원시스템즈: +1 rows (total 2468)
2026-06-18 11:59:01 INFO [UPDATE] 000150 두산: +1 rows (total 2468)
2026-06-18 11:59:02 INFO [UPDATE] 241560 두산밥캣: +1 rows (total 2348)
2026-06-18 11:59:03 INFO [UPDATE] 454910 두산로보틱스: +1 rows (total 657)
2026-06-18 11:59:05 INFO [UPDATE] 192080 더블유게임즈: +1 rows (total 2468)
2026-06-18 11:59:06 INFO [UPDATE] 450080 에코프로머티: +1 rows (total 627)
2026-06-18 11:59:07 INFO [UPDATE] 139480 이마트: +1 rows (total 2468)
2026-06-18 11:59:08 INFO [UPDATE] 383220 F&F: +1 rows (total 1243)
2026-06-18 11:59:09 INFO [UPDATE] 093370 후성: +1 rows (total 2468)
2026-06-18 11:59:10 INFO [UPDATE] 114090 GKL: +1 rows (total 2468)
2026-06-18 11:59:11 INFO [UPDATE] 006280 GC녹십자: +1 rows (total 2468)
2026-06-18 11:59:13 INFO [UPDATE] 005250 녹십자홀딩스: +1 rows (total 2468)
2026-06-18 11:59:14 INFO [UPDATE] 078930 GS: +1 rows (total 2468)
2026-06-18 11:59:15 INFO [UPDATE] 006360 GS건설: +1 rows (total 2468)
2026-06-18 11:59:16 INFO [UPDATE] 007070 GS리테일: +1 rows (total 2468)
2026-06-18 11:59:17 INFO [UPDATE] 086790 하나금융지주: +1 rows (total 2468)
2026-06-18 11:59:18 INFO [UPDATE] 009420 한올바이오파마: +1 rows (total 2468)
2026-06-18 11:59:20 INFO [UPDATE] 300720 한일시멘트: +1 rows (total 1929)
2026-06-18 11:59:21 INFO [UPDATE] 180640 한진칼: +1 rows (total 2468)
2026-06-18 11:59:22 INFO [UPDATE] 161390 한국타이어앤테크놀로지: +1 rows (total 2468)
2026-06-18 11:59:23 INFO [UPDATE] 000240 한국앤컴퍼니: +1 rows (total 2468)
2026-06-18 11:59:25 INFO [UPDATE] 128940 한미약품: +1 rows (total 2468)
2026-06-18 11:59:26 INFO [UPDATE] 008930 한미사이언스: +1 rows (total 2468)
2026-06-18 11:59:27 INFO [UPDATE] 018880 한온시스템: +1 rows (total 2468)
2026-06-18 11:59:28 INFO [UPDATE] 014680 한솔케미칼: +1 rows (total 2468)
2026-06-18 11:59:29 INFO [UPDATE] 009240 한샘: +1 rows (total 2468)
2026-06-18 11:59:30 INFO [UPDATE] 082740 한화엔진: +1 rows (total 2468)
2026-06-18 11:59:31 INFO [UPDATE] 088350 한화생명: +1 rows (total 2468)
2026-06-18 11:59:32 INFO [UPDATE] 009830 한화솔루션: +1 rows (total 2468)
2026-06-18 11:59:33 INFO [UPDATE] 267250 HD현대: +1 rows (total 2233)
2026-06-18 11:59:34 INFO [UPDATE] 329180 HD현대중공업: +1 rows (total 1159)
2026-06-18 11:59:35 INFO [UPDATE] 071970 HD현대마린엔진: +1 rows (total 2468)
2026-06-18 11:59:36 INFO [UPDATE] 443060 HD현대마린솔루션: +1 rows (total 513)
2026-06-18 11:59:37 INFO [UPDATE] 009540 HD한국조선해양: +1 rows (total 2468)
2026-06-18 11:59:38 INFO [UPDATE] 017960 한국카본: +1 rows (total 2468)
2026-06-18 11:59:39 INFO [UPDATE] 000080 하이트진로: +1 rows (total 2468)
2026-06-18 11:59:41 INFO [UPDATE] 204320 HL만도: +1 rows (total 2468)
2026-06-18 11:59:42 INFO [UPDATE] 011200 HMM: +1 rows (total 2468)
2026-06-18 11:59:43 INFO [UPDATE] 008770 호텔신라: +1 rows (total 2468)
2026-06-18 11:59:44 INFO [UPDATE] 298050 효성첨단소재: +1 rows (total 1945)
2026-06-18 11:59:45 INFO [UPDATE] 352820 하이브: +1 rows (total 1391)
2026-06-18 11:59:46 INFO [UPDATE] 298040 효성중공업: +1 rows (total 1945)
2026-06-18 11:59:47 INFO [UPDATE] 298020 효성티앤씨: +1 rows (total 1945)
2026-06-18 11:59:48 INFO [UPDATE] 307950 현대오토에버: +1 rows (total 1774)
2026-06-18 11:59:50 INFO [UPDATE] 069960 현대백화점: +1 rows (total 2468)
2026-06-18 11:59:51 INFO [UPDATE] 000720 현대건설: +1 rows (total 2468)
2026-06-18 11:59:52 INFO [UPDATE] 017800 현대엘리베이: +1 rows (total 2468)
2026-06-18 11:59:53 INFO [UPDATE] 086280 현대글로비스: +1 rows (total 2468)
2026-06-18 11:59:54 INFO [UPDATE] 001450 현대해상: +1 rows (total 2468)
2026-06-18 11:59:55 INFO [UPDATE] 004020 현대제철: +1 rows (total 2468)
2026-06-18 11:59:56 INFO [UPDATE] 011210 현대위아: +1 rows (total 2468)
2026-06-18 11:59:58 INFO [UPDATE] 139130 iM금융지주: +1 rows (total 2468)
2026-06-18 11:59:58 INFO [UPDATE] 024110 기업은행: +1 rows (total 2468)
2026-06-18 12:00:00 INFO [UPDATE] 457190 이수스페셜티케미컬: +1 rows (total 742)
2026-06-18 12:00:01 INFO [UPDATE] 175330 JB금융지주: +1 rows (total 2468)
2026-06-18 12:00:02 INFO [UPDATE] 035720 카카오: +1 rows (total 2468)
2026-06-18 12:00:03 INFO [UPDATE] 323410 카카오뱅크: +1 rows (total 1188)
2026-06-18 12:00:05 INFO [UPDATE] 377300 카카오페이: +1 rows (total 1131)
2026-06-18 12:00:06 INFO [UPDATE] 035250 강원랜드: +1 rows (total 2468)
2026-06-18 12:00:07 INFO [UPDATE] 105560 KB금융: +1 rows (total 2468)
2026-06-18 12:00:08 INFO [UPDATE] 002380 KCC: +1 rows (total 2468)
2026-06-18 12:00:09 INFO [UPDATE] 015760 한국전력: +1 rows (total 2468)
2026-06-18 12:00:10 INFO [UPDATE] 052690 한전기술: +1 rows (total 2468)
2026-06-18 12:00:11 INFO [UPDATE] 051600 한전KPS: +1 rows (total 2468)
2026-06-18 12:00:12 INFO [UPDATE] 000270 기아: +1 rows (total 2468)
2026-06-18 12:00:14 INFO [UPDATE] 039490 키움증권: +1 rows (total 2468)
2026-06-18 12:00:15 INFO [UPDATE] 120110 코오롱인더: +1 rows (total 2468)
2026-06-18 12:00:17 INFO [UPDATE] 047810 한국항공우주: +1 rows (total 2468)
2026-06-18 12:00:17 INFO [UPDATE] 071320 한국지역난방공사: +1 rows (total 2468)
2026-06-18 12:00:18 INFO [UPDATE] 036460 한국가스공사: +1 rows (total 2468)
2026-06-18 12:00:20 INFO [UPDATE] 071050 한국금융지주: +1 rows (total 2468)
2026-06-18 12:00:21 INFO [UPDATE] 006650 대한유화: +1 rows (total 2468)
2026-06-18 12:00:22 INFO [UPDATE] 010130 고려아연: +1 rows (total 2468)
2026-06-18 12:00:24 INFO [UPDATE] 003490 대한항공: +1 rows (total 2468)
2026-06-18 12:00:25 INFO [UPDATE] 259960 크래프톤: +1 rows (total 1186)
2026-06-18 12:00:26 INFO [UPDATE] 030200 KT: +1 rows (total 2468)
2026-06-18 12:00:27 INFO [UPDATE] 033780 KT&G: +1 rows (total 2468)
2026-06-18 12:00:28 INFO [UPDATE] 011780 금호석유: +1 rows (total 2468)
2026-06-18 12:00:29 INFO [UPDATE] 073240 금호타이어: +1 rows (total 2468)
2026-06-18 12:00:31 INFO [UPDATE] 066970 엘앤에프: +1 rows (total 2468)
2026-06-18 12:00:32 INFO [UPDATE] 051910 LG화학: +1 rows (total 2468)
2026-06-18 12:00:33 INFO [UPDATE] 034220 LG디스플레이: +1 rows (total 2468)
2026-06-18 12:00:33 INFO [UPDATE] 373220 LG에너지솔루션: +1 rows (total 1071)
2026-06-18 12:00:34 INFO [UPDATE] 051900 LG생활건강: +1 rows (total 2468)
2026-06-18 12:00:35 INFO [UPDATE] 011070 LG이노텍: +1 rows (total 2468)
2026-06-18 12:00:37 INFO [UPDATE] 032640 LG유플러스: +1 rows (total 2468)
2026-06-18 12:00:38 INFO [UPDATE] 079550 LIG넥스원: +1 rows (total 2468)
2026-06-18 12:00:39 INFO [UPDATE] 004990 롯데지주: +1 rows (total 2468)
2026-06-18 12:00:40 INFO [UPDATE] 011170 롯데케미칼: +1 rows (total 2468)
2026-06-18 12:00:41 INFO [UPDATE] 005300 롯데칠성: +1 rows (total 2468)
2026-06-18 12:00:42 INFO [UPDATE] 004000 롯데정밀화학: +1 rows (total 2468)
2026-06-18 12:00:43 INFO [UPDATE] 023530 롯데쇼핑: +1 rows (total 2468)
2026-06-18 12:00:44 INFO [UPDATE] 280360 롯데웰푸드: +1 rows (total 2118)
2026-06-18 12:00:45 INFO [UPDATE] 138040 메리츠금융지주: +1 rows (total 2468)
2026-06-18 12:00:47 INFO [UPDATE] 006800 미래에셋증권: +1 rows (total 2468)
2026-06-18 12:00:48 INFO [UPDATE] 081660 미스토홀딩스: +1 rows (total 2468)
2026-06-18 12:00:49 INFO [UPDATE] 002840 미원상사: +1 rows (total 2468)
2026-06-18 12:00:50 INFO [UPDATE] 268280 미원에스씨: +1 rows (total 2225)
2026-06-18 12:00:51 INFO [UPDATE] 035420 NAVER: +1 rows (total 2468)
2026-06-18 12:00:52 INFO [UPDATE] 036570 엔씨소프트: +1 rows (total 2468)
2026-06-18 12:00:53 INFO [UPDATE] 251270 넷마블: +1 rows (total 2231)
2026-06-18 12:00:54 INFO [UPDATE] 005940 NH투자증권: +1 rows (total 2468)
2026-06-18 12:00:55 INFO [UPDATE] 004370 농심: +1 rows (total 2468)
2026-06-18 12:00:56 INFO [UPDATE] 010060 OCI홀딩스: +1 rows (total 2468)
2026-06-18 12:00:57 INFO [UPDATE] 271560 오리온: +1 rows (total 2192)
2026-06-18 12:00:59 INFO [UPDATE] 001800 오리온홀딩스: +1 rows (total 2468)
2026-06-18 12:01:00 INFO [UPDATE] 007310 오뚜기: +1 rows (total 2468)
2026-06-18 12:01:01 INFO [UPDATE] 028670 팬오션: +1 rows (total 2468)
2026-06-18 12:01:02 INFO [UPDATE] 034230 파라다이스: +1 rows (total 2468)
2026-06-18 12:01:03 INFO [UPDATE] 103140 풍산: +1 rows (total 2468)
2026-06-18 12:01:04 INFO [UPDATE] 022100 포스코DX: +1 rows (total 2468)
2026-06-18 12:01:05 INFO [UPDATE] 003670 포스코퓨처엠: +1 rows (total 2468)
2026-06-18 12:01:06 INFO [UPDATE] 047050 포스코인터내셔널: +1 rows (total 2468)
2026-06-18 12:01:07 INFO [UPDATE] 012750 에스원: +1 rows (total 2468)
2026-06-18 12:01:08 INFO [UPDATE] 062040 산일전기: +1 rows (total 457)
2026-06-18 12:01:09 INFO [UPDATE] 207940 삼성바이오로직스: +1 rows (total 2354)
2026-06-18 12:01:10 INFO [UPDATE] 029780 삼성카드: +1 rows (total 2468)
2026-06-18 12:01:12 INFO [UPDATE] 028050 삼성E&A: +1 rows (total 2468)
2026-06-18 12:01:13 INFO [UPDATE] 000810 삼성화재: +1 rows (total 2468)
2026-06-18 12:01:15 INFO [UPDATE] 032830 삼성생명: +1 rows (total 2468)
2026-06-18 12:01:16 INFO [UPDATE] 016360 삼성증권: +1 rows (total 2468)
2026-06-18 12:01:17 INFO [UPDATE] 003230 삼양식품: +1 rows (total 2468)
2026-06-18 12:01:18 INFO [UPDATE] 137310 에스디바이오센서: +1 rows (total 1203)
2026-06-18 12:01:19 INFO [UPDATE] 001430 세아베스틸지주: +1 rows (total 2468)
2026-06-18 12:01:20 INFO [UPDATE] 003030 세아제강지주: +1 rows (total 2468)
2026-06-18 12:01:21 INFO [UPDATE] 004490 세방전지: +1 rows (total 2468)
2026-06-18 12:01:22 INFO [UPDATE] 055550 신한지주: +1 rows (total 2468)
2026-06-18 12:01:23 INFO [UPDATE] 004170 신세계: +1 rows (total 2468)
2026-06-18 12:01:24 INFO [UPDATE] 326030 SK바이오팜: +1 rows (total 1461)
2026-06-18 12:01:25 INFO [UPDATE] 302440 SK바이오사이언스: +1 rows (total 1287)
2026-06-18 12:01:27 INFO [UPDATE] 285130 SK케미칼: +1 rows (total 2072)
2026-06-18 12:01:28 INFO [UPDATE] 361610 SKIET: +1 rows (total 1250)
2026-06-18 12:01:29 INFO [UPDATE] 017670 SK텔레콤: +1 rows (total 2468)
2026-06-18 12:01:30 INFO [UPDATE] 011790 SKC: +1 rows (total 2468)
2026-06-18 12:01:31 INFO [UPDATE] 005850 에스엘: +1 rows (total 2468)
2026-06-18 12:01:32 INFO [UPDATE] 010950 S-Oil: +1 rows (total 2468)
2026-06-18 12:01:33 INFO [UPDATE] 003240 태광산업: +1 rows (total 2468)
2026-06-18 12:01:34 INFO [UPDATE] 001440 대한전선: +1 rows (total 2468)
2026-06-18 12:01:35 INFO [UPDATE] 069260 휴켐스: +1 rows (total 2468)
2026-06-18 12:01:36 INFO [UPDATE] 316140 우리금융지주: +1 rows (total 1804)
2026-06-18 12:01:37 INFO [UPDATE] 008730 율촌화학: +1 rows (total 2468)
2026-06-18 12:01:38 INFO [UPDATE] 000670 영풍: +1 rows (total 2468)
2026-06-18 12:01:39 INFO [UPDATE] 111770 영원무역: +1 rows (total 2468)
2026-06-18 12:01:40 INFO [UPDATE] 009970 영원무역홀딩스: +1 rows (total 2468)
2026-06-18 12:01:41 INFO [UPDATE] 000100 유한양행: +1 rows (total 2468)
2026-06-18 12:01:42 INFO === Daily update done === stats: {'backfill': 0, 'update': 199, 'skip': 0, 'holiday': 0, 'archive': 0, 'error': 0}
