2026-06-15 17:13:59 INFO === Daily update start ===
2026-06-15 17:13:59 INFO log file: logs/update_20260615.log
2026-06-15 17:14:00 INFO 종목 마스터: 199 종목
2026-06-15 17:14:00 INFO 로컬 CSV: 199 종목
2026-06-15 17:14:01 INFO [DEBUG_COLS] OHLCV columns for 005930: ['시가', '고가', '저가', '종가', '거래량', '등락률']
2026-06-15 17:14:06 INFO [DEBUG_COLS] Trader columns for 005930: ['금융투자', '보험', '투신', '사모', '은행', '기타금융', '연기금', '기타법인', '개인', '외국인', '기타외국인', '전체']
2026-06-15 17:14:06 INFO [UPDATE] 005930 삼성전자: +1 rows (total 2466)
2026-06-15 17:14:07 INFO [UPDATE] 000660 SK하이닉스: +1 rows (total 2466)
2026-06-15 17:14:08 INFO [UPDATE] 006400 삼성SDI: +1 rows (total 2466)
2026-06-15 17:14:09 INFO [UPDATE] 009150 삼성전기: +1 rows (total 2466)
2026-06-15 17:14:10 INFO [UPDATE] 028260 삼성물산: +1 rows (total 2466)
2026-06-15 17:14:11 INFO [UPDATE] 010140 삼성중공업: +1 rows (total 2466)
2026-06-15 17:14:13 INFO [UPDATE] 018260 삼성에스디에스: +1 rows (total 2466)
2026-06-15 17:14:14 INFO [UPDATE] 005380 현대차: +1 rows (total 2466)
2026-06-15 17:14:15 INFO [UPDATE] 012330 현대모비스: +1 rows (total 2466)
2026-06-15 17:14:16 INFO [UPDATE] 064350 현대로템: +1 rows (total 2466)
2026-06-15 17:14:17 INFO [UPDATE] 267260 HD현대일렉트릭: +1 rows (total 2230)
2026-06-15 17:14:18 INFO [UPDATE] 000880 한화: +1 rows (total 2466)
2026-06-15 17:14:19 INFO [UPDATE] 012450 한화에어로스페이스: +1 rows (total 2466)
2026-06-15 17:14:20 INFO [UPDATE] 272210 한화시스템: +1 rows (total 1615)
2026-06-15 17:14:21 INFO [UPDATE] 042660 한화오션: +1 rows (total 2466)
2026-06-15 17:14:23 INFO [UPDATE] 034020 두산에너빌리티: +1 rows (total 2466)
2026-06-15 17:14:24 INFO [UPDATE] 006260 LS: +1 rows (total 2466)
2026-06-15 17:14:25 INFO [UPDATE] 010120 LS일렉트릭: +1 rows (total 2466)
2026-06-15 17:14:26 INFO [UPDATE] 003550 LG: +1 rows (total 2466)
2026-06-15 17:14:27 INFO [UPDATE] 066570 LG전자: +1 rows (total 2466)
2026-06-15 17:14:28 INFO [UPDATE] 064400 LG씨엔에스: +1 rows (total 331)
2026-06-15 17:14:30 INFO [UPDATE] 034730 SK: +1 rows (total 2466)
2026-06-15 17:14:31 INFO [UPDATE] 402340 SK스퀘어: +1 rows (total 1110)
2026-06-15 17:14:32 INFO [UPDATE] 096770 SK이노베이션: +1 rows (total 2466)
2026-06-15 17:14:33 INFO [UPDATE] 005490 POSCO홀딩스: +1 rows (total 2466)
2026-06-15 17:14:36 INFO [UPDATE] 278470 에이피알: +1 rows (total 557)
2026-06-15 17:14:37 INFO [UPDATE] 161890 한국콜마: +1 rows (total 2466)
2026-06-15 17:14:40 INFO [UPDATE] 007660 이수페타시스: +1 rows (total 2466)
2026-06-15 17:14:41 INFO [UPDATE] 042700 한미반도체: +1 rows (total 2466)
2026-06-15 17:14:42 INFO [UPDATE] 090430 아모레퍼시픽: +1 rows (total 2465)
2026-06-15 17:14:43 INFO [UPDATE] 002790 아모레퍼시픽홀딩스: +1 rows (total 2465)
2026-06-15 17:14:44 INFO [UPDATE] 002030 아세아: +1 rows (total 2465)
2026-06-15 17:14:45 INFO [UPDATE] 282330 BGF리테일: +1 rows (total 2086)
2026-06-15 17:14:46 INFO [UPDATE] 138930 BNK금융지주: +1 rows (total 2465)
2026-06-15 17:14:47 INFO [UPDATE] 068270 셀트리온: +1 rows (total 2465)
2026-06-15 17:14:48 INFO [UPDATE] 030000 제일기획: +1 rows (total 2465)
2026-06-15 17:14:49 INFO [UPDATE] 185750 종근당: +1 rows (total 2465)
2026-06-15 17:14:50 INFO [UPDATE] 001040 CJ: +1 rows (total 2465)
2026-06-15 17:14:51 INFO [UPDATE] 097950 CJ제일제당: +1 rows (total 2465)
2026-06-15 17:14:52 INFO [UPDATE] 000120 CJ대한통운: +1 rows (total 2465)
2026-06-15 17:14:53 INFO [UPDATE] 192820 코스맥스: +1 rows (total 2465)
2026-06-15 17:14:54 INFO [UPDATE] 005420 코스모화학: +1 rows (total 2465)
2026-06-15 17:14:55 INFO [UPDATE] 021240 코웨이: +1 rows (total 2465)
2026-06-15 17:14:56 INFO [UPDATE] 112610 씨에스윈드: +1 rows (total 2465)
2026-06-15 17:14:57 INFO [UPDATE] 001680 대상: +1 rows (total 2465)
2026-06-15 17:14:58 INFO [UPDATE] 047040 대우건설: +1 rows (total 2465)
2026-06-15 17:14:59 INFO [UPDATE] 003090 대웅: +1 rows (total 2465)
2026-06-15 17:15:00 INFO [UPDATE] 069620 대웅제약: +1 rows (total 2465)
2026-06-15 17:15:01 INFO [UPDATE] 005830 DB손해보험: +1 rows (total 2465)
2026-06-15 17:15:02 INFO [UPDATE] 000210 DL: +1 rows (total 2465)
2026-06-15 17:15:03 INFO [UPDATE] 375500 DL이앤씨: +1 rows (total 1319)
2026-06-15 17:15:04 INFO [UPDATE] 007340 DN오토모티브: +1 rows (total 2465)
2026-06-15 17:15:05 INFO [UPDATE] 026960 동서: +1 rows (total 2465)
2026-06-15 17:15:06 INFO [UPDATE] 006040 동원산업: +1 rows (total 2465)
2026-06-15 17:15:07 INFO [UPDATE] 014820 동원시스템즈: +1 rows (total 2465)
2026-06-15 17:15:08 INFO [UPDATE] 000150 두산: +1 rows (total 2465)
2026-06-15 17:15:09 INFO [UPDATE] 241560 두산밥캣: +1 rows (total 2345)
2026-06-15 17:15:10 INFO [UPDATE] 454910 두산로보틱스: +1 rows (total 654)
2026-06-15 17:15:11 INFO [UPDATE] 192080 더블유게임즈: +1 rows (total 2465)
2026-06-15 17:15:12 INFO [UPDATE] 450080 에코프로머티: +1 rows (total 624)
2026-06-15 17:15:13 INFO [UPDATE] 139480 이마트: +1 rows (total 2465)
2026-06-15 17:15:14 INFO [UPDATE] 383220 F&F: +1 rows (total 1240)
2026-06-15 17:15:15 INFO [UPDATE] 093370 후성: +1 rows (total 2465)
2026-06-15 17:15:16 INFO [UPDATE] 114090 GKL: +1 rows (total 2465)
2026-06-15 17:15:17 INFO [UPDATE] 006280 GC녹십자: +1 rows (total 2465)
2026-06-15 17:15:18 INFO [UPDATE] 005250 녹십자홀딩스: +1 rows (total 2465)
2026-06-15 17:15:19 INFO [UPDATE] 078930 GS: +1 rows (total 2465)
2026-06-15 17:15:20 INFO [UPDATE] 006360 GS건설: +1 rows (total 2465)
2026-06-15 17:15:21 INFO [UPDATE] 007070 GS리테일: +1 rows (total 2465)
2026-06-15 17:15:22 INFO [UPDATE] 086790 하나금융지주: +1 rows (total 2465)
2026-06-15 17:15:23 INFO [UPDATE] 009420 한올바이오파마: +1 rows (total 2465)
2026-06-15 17:15:23 INFO [UPDATE] 300720 한일시멘트: +1 rows (total 1926)
2026-06-15 17:15:24 INFO [UPDATE] 180640 한진칼: +1 rows (total 2465)
2026-06-15 17:15:25 INFO [UPDATE] 161390 한국타이어앤테크놀로지: +1 rows (total 2465)
2026-06-15 17:15:26 INFO [UPDATE] 000240 한국앤컴퍼니: +1 rows (total 2465)
2026-06-15 17:15:27 INFO [UPDATE] 128940 한미약품: +1 rows (total 2465)
2026-06-15 17:15:28 INFO [UPDATE] 008930 한미사이언스: +1 rows (total 2465)
2026-06-15 17:15:29 INFO [UPDATE] 018880 한온시스템: +1 rows (total 2465)
2026-06-15 17:15:30 INFO [UPDATE] 014680 한솔케미칼: +1 rows (total 2465)
2026-06-15 17:15:31 INFO [UPDATE] 009240 한샘: +1 rows (total 2465)
2026-06-15 17:15:32 INFO [UPDATE] 082740 한화엔진: +1 rows (total 2465)
2026-06-15 17:15:33 INFO [UPDATE] 088350 한화생명: +1 rows (total 2465)
2026-06-15 17:15:34 INFO [UPDATE] 009830 한화솔루션: +1 rows (total 2465)
2026-06-15 17:15:35 INFO [UPDATE] 267250 HD현대: +1 rows (total 2230)
2026-06-15 17:15:36 INFO [UPDATE] 329180 HD현대중공업: +1 rows (total 1156)
2026-06-15 17:15:37 INFO [UPDATE] 071970 HD현대마린엔진: +1 rows (total 2465)
2026-06-15 17:15:38 INFO [UPDATE] 443060 HD현대마린솔루션: +1 rows (total 510)
2026-06-15 17:15:39 INFO [UPDATE] 009540 HD한국조선해양: +1 rows (total 2465)
2026-06-15 17:15:40 INFO [UPDATE] 017960 한국카본: +1 rows (total 2465)
2026-06-15 17:15:41 INFO [UPDATE] 000080 하이트진로: +1 rows (total 2465)
2026-06-15 17:15:42 INFO [UPDATE] 204320 HL만도: +1 rows (total 2465)
2026-06-15 17:15:43 INFO [UPDATE] 011200 HMM: +1 rows (total 2465)
2026-06-15 17:15:44 INFO [UPDATE] 008770 호텔신라: +1 rows (total 2465)
2026-06-15 17:15:45 INFO [UPDATE] 298050 효성첨단소재: +1 rows (total 1942)
2026-06-15 17:15:46 INFO [UPDATE] 352820 하이브: +1 rows (total 1388)
2026-06-15 17:15:47 INFO [UPDATE] 298040 효성중공업: +1 rows (total 1942)
2026-06-15 17:15:49 INFO [UPDATE] 298020 효성티앤씨: +1 rows (total 1942)
2026-06-15 17:15:50 INFO [UPDATE] 307950 현대오토에버: +1 rows (total 1771)
2026-06-15 17:15:52 INFO [UPDATE] 069960 현대백화점: +1 rows (total 2465)
2026-06-15 17:15:53 INFO [UPDATE] 000720 현대건설: +1 rows (total 2465)
2026-06-15 17:15:54 INFO [UPDATE] 017800 현대엘리베이: +1 rows (total 2465)
2026-06-15 17:15:55 INFO [UPDATE] 086280 현대글로비스: +1 rows (total 2465)
2026-06-15 17:15:56 INFO [UPDATE] 001450 현대해상: +1 rows (total 2465)
2026-06-15 17:15:57 INFO [UPDATE] 004020 현대제철: +1 rows (total 2465)
2026-06-15 17:15:58 INFO [UPDATE] 011210 현대위아: +1 rows (total 2465)
2026-06-15 17:15:59 INFO [UPDATE] 139130 iM금융지주: +1 rows (total 2465)
2026-06-15 17:16:00 INFO [UPDATE] 024110 기업은행: +1 rows (total 2465)
2026-06-15 17:16:01 INFO [UPDATE] 457190 이수스페셜티케미컬: +1 rows (total 739)
2026-06-15 17:16:02 INFO [UPDATE] 175330 JB금융지주: +1 rows (total 2465)
2026-06-15 17:16:03 INFO [UPDATE] 035720 카카오: +1 rows (total 2465)
2026-06-15 17:16:04 INFO [UPDATE] 323410 카카오뱅크: +1 rows (total 1185)
2026-06-15 17:16:05 INFO [UPDATE] 377300 카카오페이: +1 rows (total 1128)
2026-06-15 17:16:06 INFO [UPDATE] 035250 강원랜드: +1 rows (total 2465)
2026-06-15 17:16:07 INFO [UPDATE] 105560 KB금융: +1 rows (total 2465)
2026-06-15 17:16:08 INFO [UPDATE] 002380 KCC: +1 rows (total 2465)
2026-06-15 17:16:09 INFO [UPDATE] 015760 한국전력: +1 rows (total 2465)
2026-06-15 17:16:10 INFO [UPDATE] 052690 한전기술: +1 rows (total 2465)
2026-06-15 17:16:11 INFO [UPDATE] 051600 한전KPS: +1 rows (total 2465)
2026-06-15 17:16:12 INFO [UPDATE] 000270 기아: +1 rows (total 2465)
2026-06-15 17:16:13 INFO [UPDATE] 039490 키움증권: +1 rows (total 2465)
2026-06-15 17:16:14 INFO [UPDATE] 120110 코오롱인더: +1 rows (total 2465)
2026-06-15 17:16:15 INFO [UPDATE] 047810 한국항공우주: +1 rows (total 2465)
2026-06-15 17:16:16 INFO [UPDATE] 071320 한국지역난방공사: +1 rows (total 2465)
2026-06-15 17:16:17 INFO [UPDATE] 036460 한국가스공사: +1 rows (total 2465)
2026-06-15 17:16:18 INFO [UPDATE] 071050 한국금융지주: +1 rows (total 2465)
2026-06-15 17:16:18 INFO [UPDATE] 006650 대한유화: +1 rows (total 2465)
2026-06-15 17:16:19 INFO [UPDATE] 010130 고려아연: +1 rows (total 2465)
2026-06-15 17:16:20 INFO [UPDATE] 003490 대한항공: +1 rows (total 2465)
2026-06-15 17:16:21 INFO [UPDATE] 259960 크래프톤: +1 rows (total 1183)
2026-06-15 17:16:22 INFO [UPDATE] 030200 KT: +1 rows (total 2465)
2026-06-15 17:16:23 INFO [UPDATE] 033780 KT&G: +1 rows (total 2465)
2026-06-15 17:16:24 INFO [UPDATE] 011780 금호석유: +1 rows (total 2465)
2026-06-15 17:16:25 INFO [UPDATE] 073240 금호타이어: +1 rows (total 2465)
2026-06-15 17:16:26 INFO [UPDATE] 066970 엘앤에프: +1 rows (total 2465)
2026-06-15 17:16:27 INFO [UPDATE] 051910 LG화학: +1 rows (total 2465)
2026-06-15 17:16:28 INFO [UPDATE] 034220 LG디스플레이: +1 rows (total 2465)
2026-06-15 17:16:29 INFO [UPDATE] 373220 LG에너지솔루션: +1 rows (total 1068)
2026-06-15 17:16:30 INFO [UPDATE] 051900 LG생활건강: +1 rows (total 2465)
2026-06-15 17:16:31 INFO [UPDATE] 011070 LG이노텍: +1 rows (total 2465)
2026-06-15 17:16:32 INFO [UPDATE] 032640 LG유플러스: +1 rows (total 2465)
2026-06-15 17:16:33 INFO [UPDATE] 079550 LIG넥스원: +1 rows (total 2465)
2026-06-15 17:16:34 INFO [UPDATE] 004990 롯데지주: +1 rows (total 2465)
2026-06-15 17:16:35 INFO [UPDATE] 011170 롯데케미칼: +1 rows (total 2465)
2026-06-15 17:16:36 INFO [UPDATE] 005300 롯데칠성: +1 rows (total 2465)
2026-06-15 17:16:37 INFO [UPDATE] 004000 롯데정밀화학: +1 rows (total 2465)
2026-06-15 17:16:38 INFO [UPDATE] 023530 롯데쇼핑: +1 rows (total 2465)
2026-06-15 17:16:39 INFO [UPDATE] 280360 롯데웰푸드: +1 rows (total 2115)
2026-06-15 17:16:40 INFO [UPDATE] 138040 메리츠금융지주: +1 rows (total 2465)
2026-06-15 17:16:45 INFO [UPDATE] 006800 미래에셋증권: +1 rows (total 2465)
2026-06-15 17:16:46 INFO [UPDATE] 081660 미스토홀딩스: +1 rows (total 2465)
2026-06-15 17:16:47 INFO [UPDATE] 002840 미원상사: +1 rows (total 2465)
2026-06-15 17:16:48 INFO [UPDATE] 268280 미원에스씨: +1 rows (total 2222)
2026-06-15 17:16:49 INFO [UPDATE] 035420 NAVER: +1 rows (total 2465)
2026-06-15 17:16:50 INFO [UPDATE] 036570 엔씨소프트: +1 rows (total 2465)
2026-06-15 17:16:51 INFO [UPDATE] 251270 넷마블: +1 rows (total 2228)
2026-06-15 17:16:52 INFO [UPDATE] 005940 NH투자증권: +1 rows (total 2465)
2026-06-15 17:16:53 INFO [UPDATE] 004370 농심: +1 rows (total 2465)
2026-06-15 17:16:54 INFO [UPDATE] 010060 OCI홀딩스: +1 rows (total 2465)
2026-06-15 17:16:55 INFO [UPDATE] 271560 오리온: +1 rows (total 2189)
2026-06-15 17:16:56 INFO [UPDATE] 001800 오리온홀딩스: +1 rows (total 2465)
2026-06-15 17:16:57 INFO [UPDATE] 007310 오뚜기: +1 rows (total 2465)
2026-06-15 17:16:58 INFO [UPDATE] 028670 팬오션: +1 rows (total 2465)
2026-06-15 17:16:59 INFO [UPDATE] 034230 파라다이스: +1 rows (total 2465)
2026-06-15 17:17:00 INFO [UPDATE] 103140 풍산: +1 rows (total 2465)
2026-06-15 17:17:01 INFO [UPDATE] 022100 포스코DX: +1 rows (total 2465)
2026-06-15 17:17:02 INFO [UPDATE] 003670 포스코퓨처엠: +1 rows (total 2465)
2026-06-15 17:17:03 INFO [UPDATE] 047050 포스코인터내셔널: +1 rows (total 2465)
2026-06-15 17:17:04 INFO [UPDATE] 012750 에스원: +1 rows (total 2465)
2026-06-15 17:17:05 INFO [UPDATE] 062040 산일전기: +1 rows (total 454)
2026-06-15 17:17:06 INFO [UPDATE] 207940 삼성바이오로직스: +1 rows (total 2351)
2026-06-15 17:17:07 INFO [UPDATE] 029780 삼성카드: +1 rows (total 2465)
2026-06-15 17:17:08 INFO [UPDATE] 028050 삼성E&A: +1 rows (total 2465)
2026-06-15 17:17:09 INFO [UPDATE] 000810 삼성화재: +1 rows (total 2465)
2026-06-15 17:17:11 INFO [UPDATE] 032830 삼성생명: +1 rows (total 2465)
2026-06-15 17:17:12 INFO [UPDATE] 016360 삼성증권: +1 rows (total 2465)
2026-06-15 17:17:13 INFO [UPDATE] 003230 삼양식품: +1 rows (total 2465)
2026-06-15 17:17:14 INFO [UPDATE] 137310 에스디바이오센서: +1 rows (total 1200)
2026-06-15 17:17:15 INFO [UPDATE] 001430 세아베스틸지주: +1 rows (total 2465)
2026-06-15 17:17:17 INFO [UPDATE] 003030 세아제강지주: +1 rows (total 2465)
2026-06-15 17:17:17 INFO [UPDATE] 004490 세방전지: +1 rows (total 2465)
2026-06-15 17:17:18 INFO [UPDATE] 055550 신한지주: +1 rows (total 2465)
2026-06-15 17:17:19 INFO [UPDATE] 004170 신세계: +1 rows (total 2465)
2026-06-15 17:17:21 INFO [UPDATE] 326030 SK바이오팜: +1 rows (total 1458)
2026-06-15 17:17:22 INFO [UPDATE] 302440 SK바이오사이언스: +1 rows (total 1284)
2026-06-15 17:17:23 INFO [UPDATE] 285130 SK케미칼: +1 rows (total 2069)
2026-06-15 17:17:23 INFO [UPDATE] 361610 SKIET: +1 rows (total 1247)
2026-06-15 17:17:24 INFO [UPDATE] 017670 SK텔레콤: +1 rows (total 2465)
2026-06-15 17:17:25 INFO [UPDATE] 011790 SKC: +1 rows (total 2465)
2026-06-15 17:17:26 INFO [UPDATE] 005850 에스엘: +1 rows (total 2465)
2026-06-15 17:17:27 INFO [UPDATE] 010950 S-Oil: +1 rows (total 2465)
2026-06-15 17:17:28 INFO [UPDATE] 003240 태광산업: +1 rows (total 2465)
2026-06-15 17:17:29 INFO [UPDATE] 001440 대한전선: +1 rows (total 2465)
2026-06-15 17:17:30 INFO [UPDATE] 069260 휴켐스: +1 rows (total 2465)
2026-06-15 17:17:31 INFO [UPDATE] 316140 우리금융지주: +1 rows (total 1801)
2026-06-15 17:17:32 INFO [UPDATE] 008730 율촌화학: +1 rows (total 2465)
2026-06-15 17:17:33 INFO [UPDATE] 000670 영풍: +1 rows (total 2465)
2026-06-15 17:17:34 INFO [UPDATE] 111770 영원무역: +1 rows (total 2465)
2026-06-15 17:17:35 INFO [UPDATE] 009970 영원무역홀딩스: +1 rows (total 2465)
2026-06-15 17:17:36 INFO [UPDATE] 000100 유한양행: +1 rows (total 2465)
2026-06-15 17:17:37 INFO === Daily update done === stats: {'backfill': 0, 'update': 199, 'skip': 0, 'holiday': 0, 'archive': 0, 'error': 0}
