2026-05-23 09:11:40 INFO === Daily update start ===
2026-05-23 09:11:40 INFO log file: logs/update_20260523.log
2026-05-23 09:11:41 INFO 종목 마스터: 29 종목
2026-05-23 09:11:41 INFO 로컬 CSV: 0 종목
2026-05-23 09:11:43 INFO Expecting value: line 15 column 3 (char 33)
2026-05-23 09:11:43 INFO Expecting value: line 15 column 3 (char 33)
2026-05-23 09:11:43 INFO 'NoneType' object is not subscriptable
2026-05-23 09:11:44 INFO Expecting value: line 15 column 3 (char 33)
2026-05-23 09:11:44 INFO [BACKFILL] 005930 삼성전자: 2452 rows → data/005930_삼성전자.csv
2026-05-23 09:11:45 INFO 'NoneType' object is not subscriptable
2026-05-23 09:11:46 INFO Expecting value: line 15 column 3 (char 33)
2026-05-23 09:11:46 INFO [BACKFILL] 000660 SK하이닉스: 2452 rows → data/000660_SK하이닉스.csv
2026-05-23 09:11:48 INFO 'NoneType' object is not subscriptable
2026-05-23 09:11:48 INFO Expecting value: line 15 column 3 (char 33)
2026-05-23 09:11:48 INFO [BACKFILL] 006400 삼성SDI: 2452 rows → data/006400_삼성SDI.csv
2026-05-23 09:11:49 INFO 'NoneType' object is not subscriptable
2026-05-23 09:11:49 INFO Expecting value: line 15 column 3 (char 33)
2026-05-23 09:11:49 INFO [BACKFILL] 009150 삼성전기: 2452 rows → data/009150_삼성전기.csv
2026-05-23 09:11:51 INFO 'NoneType' object is not subscriptable
2026-05-23 09:11:51 INFO Expecting value: line 15 column 3 (char 33)
2026-05-23 09:11:51 INFO [BACKFILL] 028260 삼성물산: 2452 rows → data/028260_삼성물산.csv
2026-05-23 09:11:53 INFO 'NoneType' object is not subscriptable
2026-05-23 09:11:53 INFO Expecting value: line 15 column 3 (char 33)
2026-05-23 09:11:53 INFO [BACKFILL] 010140 삼성중공업: 2452 rows → data/010140_삼성중공업.csv
2026-05-23 09:11:54 INFO 'NoneType' object is not subscriptable
2026-05-23 09:11:54 INFO Expecting value: line 15 column 3 (char 33)
2026-05-23 09:11:54 INFO [BACKFILL] 018260 삼성에스디에스: 2452 rows → data/018260_삼성에스디에스.csv
2026-05-23 09:11:56 INFO 'NoneType' object is not subscriptable
2026-05-23 09:11:56 INFO Expecting value: line 15 column 3 (char 33)
2026-05-23 09:11:56 INFO [BACKFILL] 005380 현대차: 2452 rows → data/005380_현대차.csv
2026-05-23 09:11:58 INFO 'NoneType' object is not subscriptable
2026-05-23 09:11:58 INFO Expecting value: line 15 column 3 (char 33)
2026-05-23 09:11:58 INFO [BACKFILL] 012330 현대모비스: 2452 rows → data/012330_현대모비스.csv
2026-05-23 09:11:59 INFO 'NoneType' object is not subscriptable
2026-05-23 09:12:00 INFO Expecting value: line 15 column 3 (char 33)
2026-05-23 09:12:00 INFO [BACKFILL] 064350 현대로템: 2452 rows → data/064350_현대로템.csv
2026-05-23 09:12:01 INFO 'NoneType' object is not subscriptable
2026-05-23 09:12:01 INFO Expecting value: line 15 column 3 (char 33)
2026-05-23 09:12:01 INFO [BACKFILL] 267260 HD현대일렉트릭: 2216 rows → data/267260_HD현대일렉트릭.csv
2026-05-23 09:12:03 INFO 'NoneType' object is not subscriptable
2026-05-23 09:12:03 INFO Expecting value: line 15 column 3 (char 33)
2026-05-23 09:12:03 INFO [BACKFILL] 000880 한화: 2452 rows → data/000880_한화.csv
2026-05-23 09:12:05 INFO 'NoneType' object is not subscriptable
2026-05-23 09:12:05 INFO Expecting value: line 15 column 3 (char 33)
2026-05-23 09:12:05 INFO [BACKFILL] 012450 한화에어로스페이스: 2452 rows → data/012450_한화에어로스페이스.csv
2026-05-23 09:12:06 INFO 'NoneType' object is not subscriptable
2026-05-23 09:12:07 INFO Expecting value: line 15 column 3 (char 33)
2026-05-23 09:12:07 INFO [BACKFILL] 272210 한화시스템: 1601 rows → data/272210_한화시스템.csv
2026-05-23 09:12:08 INFO 'NoneType' object is not subscriptable
2026-05-23 09:12:08 INFO Expecting value: line 15 column 3 (char 33)
2026-05-23 09:12:08 INFO [BACKFILL] 042660 한화오션: 2452 rows → data/042660_한화오션.csv
2026-05-23 09:12:09 INFO 'NoneType' object is not subscriptable
2026-05-23 09:12:10 INFO Expecting value: line 15 column 3 (char 33)
2026-05-23 09:12:10 INFO [BACKFILL] 034020 두산에너빌리티: 2452 rows → data/034020_두산에너빌리티.csv
2026-05-23 09:12:11 INFO 'NoneType' object is not subscriptable
2026-05-23 09:12:12 INFO Expecting value: line 15 column 3 (char 33)
2026-05-23 09:12:12 INFO [BACKFILL] 006260 LS: 2452 rows → data/006260_LS.csv
2026-05-23 09:12:13 INFO 'NoneType' object is not subscriptable
2026-05-23 09:12:14 INFO Expecting value: line 15 column 3 (char 33)
2026-05-23 09:12:14 INFO [BACKFILL] 010120 LS일렉트릭: 2452 rows → data/010120_LS일렉트릭.csv
2026-05-23 09:12:15 INFO 'NoneType' object is not subscriptable
2026-05-23 09:12:15 INFO Expecting value: line 15 column 3 (char 33)
2026-05-23 09:12:15 INFO [BACKFILL] 003550 LG: 2452 rows → data/003550_LG.csv
2026-05-23 09:12:17 INFO 'NoneType' object is not subscriptable
2026-05-23 09:12:17 INFO Expecting value: line 15 column 3 (char 33)
2026-05-23 09:12:17 INFO [BACKFILL] 066570 LG전자: 2452 rows → data/066570_LG전자.csv
2026-05-23 09:12:18 INFO 'NoneType' object is not subscriptable
2026-05-23 09:12:19 INFO Expecting value: line 15 column 3 (char 33)
2026-05-23 09:12:19 INFO [BACKFILL] 064400 LG씨엔에스: 317 rows → data/064400_LG씨엔에스.csv
2026-05-23 09:12:20 INFO 'NoneType' object is not subscriptable
2026-05-23 09:12:20 INFO Expecting value: line 15 column 3 (char 33)
2026-05-23 09:12:20 INFO [BACKFILL] 034730 SK: 2452 rows → data/034730_SK.csv
2026-05-23 09:12:22 INFO 'NoneType' object is not subscriptable
2026-05-23 09:12:22 INFO Expecting value: line 15 column 3 (char 33)
2026-05-23 09:12:22 INFO [BACKFILL] 402340 SK스퀘어: 1096 rows → data/402340_SK스퀘어.csv
2026-05-23 09:12:23 INFO 'NoneType' object is not subscriptable
2026-05-23 09:12:24 INFO Expecting value: line 15 column 3 (char 33)
2026-05-23 09:12:24 INFO [BACKFILL] 096770 SK이노베이션: 2452 rows → data/096770_SK이노베이션.csv
2026-05-23 09:12:25 INFO 'NoneType' object is not subscriptable
2026-05-23 09:12:26 INFO Expecting value: line 15 column 3 (char 33)
2026-05-23 09:12:26 INFO [BACKFILL] 005490 POSCO홀딩스: 2452 rows → data/005490_POSCO홀딩스.csv
2026-05-23 09:12:27 INFO 'NoneType' object is not subscriptable
2026-05-23 09:12:27 INFO Expecting value: line 15 column 3 (char 33)
2026-05-23 09:12:27 INFO [BACKFILL] 278470 에이피알: 543 rows → data/278470_에이피알.csv
2026-05-23 09:12:28 INFO 'NoneType' object is not subscriptable
2026-05-23 09:12:29 INFO Expecting value: line 15 column 3 (char 33)
2026-05-23 09:12:29 INFO [BACKFILL] 161890 한국콜마: 2452 rows → data/161890_한국콜마.csv
2026-05-23 09:12:30 INFO 'NoneType' object is not subscriptable
2026-05-23 09:12:31 INFO Expecting value: line 15 column 3 (char 33)
2026-05-23 09:12:31 INFO [BACKFILL] 007660 이수페타시스: 2452 rows → data/007660_이수페타시스.csv
2026-05-23 09:12:32 INFO 'NoneType' object is not subscriptable
2026-05-23 09:12:32 INFO Expecting value: line 15 column 3 (char 33)
2026-05-23 09:12:32 INFO [BACKFILL] 042700 한미반도체: 2452 rows → data/042700_한미반도체.csv
2026-05-23 09:12:33 INFO === Daily update done === stats: {'backfill': 29, 'update': 0, 'skip': 0, 'holiday': 0, 'archive': 0, 'error': 0}
2026-05-23 09:21:36 INFO === Daily update start ===
2026-05-23 09:21:36 INFO log file: logs/update_20260523.log
2026-05-23 09:21:37 INFO 종목 마스터: 29 종목
2026-05-23 09:21:37 INFO 로컬 CSV: 29 종목
2026-05-23 09:21:39 INFO Expecting value: line 15 column 3 (char 33)
2026-05-23 09:21:39 INFO Expecting value: line 15 column 3 (char 33)
2026-05-23 09:21:39 INFO 'NoneType' object is not subscriptable
2026-05-23 09:21:39 INFO Expecting value: line 15 column 3 (char 33)
2026-05-23 09:21:39 INFO 'NoneType' object is not subscriptable
2026-05-23 09:21:40 INFO Expecting value: line 15 column 3 (char 33)
2026-05-23 09:21:40 WARNING [005930] trader fetch 실패. 수급 0으로 채움.
2026-05-23 09:21:40 INFO [HOLIDAY] 005930 삼성전자: 신규 거래일 없음 (휴장 또는 미정산)
2026-05-23 09:21:41 INFO 'NoneType' object is not subscriptable
2026-05-23 09:21:41 INFO Expecting value: line 15 column 3 (char 33)
2026-05-23 09:21:41 INFO 'NoneType' object is not subscriptable
2026-05-23 09:21:41 INFO Expecting value: line 15 column 3 (char 33)
2026-05-23 09:21:41 WARNING [000660] trader fetch 실패. 수급 0으로 채움.
2026-05-23 09:21:41 INFO [HOLIDAY] 000660 SK하이닉스: 신규 거래일 없음 (휴장 또는 미정산)
2026-05-23 09:21:42 INFO 'NoneType' object is not subscriptable
2026-05-23 09:21:43 INFO Expecting value: line 15 column 3 (char 33)
2026-05-23 09:21:43 INFO 'NoneType' object is not subscriptable
2026-05-23 09:21:43 INFO Expecting value: line 15 column 3 (char 33)
2026-05-23 09:21:43 WARNING [006400] trader fetch 실패. 수급 0으로 채움.
2026-05-23 09:21:43 INFO [HOLIDAY] 006400 삼성SDI: 신규 거래일 없음 (휴장 또는 미정산)
2026-05-23 09:21:44 INFO 'NoneType' object is not subscriptable
2026-05-23 09:21:45 INFO Expecting value: line 15 column 3 (char 33)
2026-05-23 09:21:45 INFO 'NoneType' object is not subscriptable
2026-05-23 09:21:46 INFO Expecting value: line 15 column 3 (char 33)
2026-05-23 09:21:46 WARNING [009150] trader fetch 실패. 수급 0으로 채움.
2026-05-23 09:21:46 INFO [HOLIDAY] 009150 삼성전기: 신규 거래일 없음 (휴장 또는 미정산)
2026-05-23 09:21:47 INFO 'NoneType' object is not subscriptable
2026-05-23 09:21:47 INFO Expecting value: line 15 column 3 (char 33)
2026-05-23 09:21:47 INFO 'NoneType' object is not subscriptable
2026-05-23 09:21:48 INFO Expecting value: line 15 column 3 (char 33)
2026-05-23 09:21:48 WARNING [028260] trader fetch 실패. 수급 0으로 채움.
2026-05-23 09:21:48 INFO [HOLIDAY] 028260 삼성물산: 신규 거래일 없음 (휴장 또는 미정산)
2026-05-23 09:21:49 INFO 'NoneType' object is not subscriptable
2026-05-23 09:21:49 INFO Expecting value: line 15 column 3 (char 33)
2026-05-23 09:21:49 INFO 'NoneType' object is not subscriptable
2026-05-23 09:21:50 INFO Expecting value: line 15 column 3 (char 33)
2026-05-23 09:21:50 WARNING [010140] trader fetch 실패. 수급 0으로 채움.
2026-05-23 09:21:50 INFO [HOLIDAY] 010140 삼성중공업: 신규 거래일 없음 (휴장 또는 미정산)
2026-05-23 09:21:51 INFO 'NoneType' object is not subscriptable
2026-05-23 09:21:52 INFO Expecting value: line 15 column 3 (char 33)
2026-05-23 09:21:52 INFO 'NoneType' object is not subscriptable
2026-05-23 09:21:53 INFO Expecting value: line 15 column 3 (char 33)
2026-05-23 09:21:53 WARNING [018260] trader fetch 실패. 수급 0으로 채움.
2026-05-23 09:21:53 INFO [HOLIDAY] 018260 삼성에스디에스: 신규 거래일 없음 (휴장 또는 미정산)
2026-05-23 09:21:54 INFO 'NoneType' object is not subscriptable
2026-05-23 09:21:55 INFO Expecting value: line 15 column 3 (char 33)
2026-05-23 09:21:55 INFO 'NoneType' object is not subscriptable
2026-05-23 09:21:55 INFO Expecting value: line 15 column 3 (char 33)
2026-05-23 09:21:55 WARNING [005380] trader fetch 실패. 수급 0으로 채움.
2026-05-23 09:21:55 INFO [HOLIDAY] 005380 현대차: 신규 거래일 없음 (휴장 또는 미정산)
2026-05-23 09:21:57 INFO 'NoneType' object is not subscriptable
2026-05-23 09:21:57 INFO Expecting value: line 15 column 3 (char 33)
2026-05-23 09:21:57 INFO 'NoneType' object is not subscriptable
2026-05-23 09:21:58 INFO Expecting value: line 15 column 3 (char 33)
2026-05-23 09:21:58 WARNING [012330] trader fetch 실패. 수급 0으로 채움.
2026-05-23 09:21:58 INFO [HOLIDAY] 012330 현대모비스: 신규 거래일 없음 (휴장 또는 미정산)
2026-05-23 09:21:59 INFO 'NoneType' object is not subscriptable
2026-05-23 09:21:59 INFO Expecting value: line 15 column 3 (char 33)
2026-05-23 09:21:59 INFO 'NoneType' object is not subscriptable
2026-05-23 09:22:00 INFO Expecting value: line 15 column 3 (char 33)
2026-05-23 09:22:00 WARNING [064350] trader fetch 실패. 수급 0으로 채움.
2026-05-23 09:22:00 INFO [HOLIDAY] 064350 현대로템: 신규 거래일 없음 (휴장 또는 미정산)
2026-05-23 09:22:01 INFO 'NoneType' object is not subscriptable
2026-05-23 09:22:01 INFO Expecting value: line 15 column 3 (char 33)
2026-05-23 09:22:01 INFO 'NoneType' object is not subscriptable
2026-05-23 09:22:02 INFO Expecting value: line 15 column 3 (char 33)
2026-05-23 09:22:02 WARNING [267260] trader fetch 실패. 수급 0으로 채움.
2026-05-23 09:22:02 INFO [HOLIDAY] 267260 HD현대일렉트릭: 신규 거래일 없음 (휴장 또는 미정산)
2026-05-23 09:22:03 INFO 'NoneType' object is not subscriptable
2026-05-23 09:22:04 INFO Expecting value: line 15 column 3 (char 33)
2026-05-23 09:22:04 INFO 'NoneType' object is not subscriptable
2026-05-23 09:22:04 INFO Expecting value: line 15 column 3 (char 33)
2026-05-23 09:22:04 WARNING [000880] trader fetch 실패. 수급 0으로 채움.
2026-05-23 09:22:04 INFO [HOLIDAY] 000880 한화: 신규 거래일 없음 (휴장 또는 미정산)
2026-05-23 09:22:05 INFO 'NoneType' object is not subscriptable
2026-05-23 09:22:06 INFO Expecting value: line 15 column 3 (char 33)
2026-05-23 09:22:06 INFO 'NoneType' object is not subscriptable
2026-05-23 09:22:07 INFO Expecting value: line 15 column 3 (char 33)
2026-05-23 09:22:07 WARNING [012450] trader fetch 실패. 수급 0으로 채움.
2026-05-23 09:22:07 INFO [HOLIDAY] 012450 한화에어로스페이스: 신규 거래일 없음 (휴장 또는 미정산)
2026-05-23 09:22:08 INFO 'NoneType' object is not subscriptable
2026-05-23 09:22:08 INFO Expecting value: line 15 column 3 (char 33)
2026-05-23 09:22:08 INFO 'NoneType' object is not subscriptable
2026-05-23 09:22:09 INFO Expecting value: line 15 column 3 (char 33)
2026-05-23 09:22:09 WARNING [272210] trader fetch 실패. 수급 0으로 채움.
2026-05-23 09:22:09 INFO [HOLIDAY] 272210 한화시스템: 신규 거래일 없음 (휴장 또는 미정산)
2026-05-23 09:22:10 INFO 'NoneType' object is not subscriptable
2026-05-23 09:22:11 INFO Expecting value: line 15 column 3 (char 33)
2026-05-23 09:22:11 INFO 'NoneType' object is not subscriptable
2026-05-23 09:22:11 INFO Expecting value: line 15 column 3 (char 33)
2026-05-23 09:22:11 WARNING [042660] trader fetch 실패. 수급 0으로 채움.
2026-05-23 09:22:11 INFO [HOLIDAY] 042660 한화오션: 신규 거래일 없음 (휴장 또는 미정산)
2026-05-23 09:22:12 INFO 'NoneType' object is not subscriptable
2026-05-23 09:22:13 INFO Expecting value: line 15 column 3 (char 33)
2026-05-23 09:22:13 INFO 'NoneType' object is not subscriptable
2026-05-23 09:22:14 INFO Expecting value: line 15 column 3 (char 33)
2026-05-23 09:22:14 WARNING [034020] trader fetch 실패. 수급 0으로 채움.
2026-05-23 09:22:14 INFO [HOLIDAY] 034020 두산에너빌리티: 신규 거래일 없음 (휴장 또는 미정산)
2026-05-23 09:22:15 INFO 'NoneType' object is not subscriptable
2026-05-23 09:22:15 INFO Expecting value: line 15 column 3 (char 33)
2026-05-23 09:22:15 INFO 'NoneType' object is not subscriptable
2026-05-23 09:22:16 INFO Expecting value: line 15 column 3 (char 33)
2026-05-23 09:22:16 WARNING [006260] trader fetch 실패. 수급 0으로 채움.
2026-05-23 09:22:16 INFO [HOLIDAY] 006260 LS: 신규 거래일 없음 (휴장 또는 미정산)
2026-05-23 09:22:17 INFO 'NoneType' object is not subscriptable
2026-05-23 09:22:17 INFO Expecting value: line 15 column 3 (char 33)
2026-05-23 09:22:17 INFO 'NoneType' object is not subscriptable
2026-05-23 09:22:18 INFO Expecting value: line 15 column 3 (char 33)
2026-05-23 09:22:18 WARNING [010120] trader fetch 실패. 수급 0으로 채움.
2026-05-23 09:22:18 INFO [HOLIDAY] 010120 LS일렉트릭: 신규 거래일 없음 (휴장 또는 미정산)
2026-05-23 09:22:19 INFO 'NoneType' object is not subscriptable
2026-05-23 09:22:20 INFO Expecting value: line 15 column 3 (char 33)
2026-05-23 09:22:20 INFO 'NoneType' object is not subscriptable
2026-05-23 09:22:21 INFO Expecting value: line 15 column 3 (char 33)
2026-05-23 09:22:21 WARNING [003550] trader fetch 실패. 수급 0으로 채움.
2026-05-23 09:22:21 INFO [HOLIDAY] 003550 LG: 신규 거래일 없음 (휴장 또는 미정산)
2026-05-23 09:22:22 INFO 'NoneType' object is not subscriptable
2026-05-23 09:22:22 INFO Expecting value: line 15 column 3 (char 33)
2026-05-23 09:22:22 INFO 'NoneType' object is not subscriptable
2026-05-23 09:22:23 INFO Expecting value: line 15 column 3 (char 33)
2026-05-23 09:22:23 WARNING [066570] trader fetch 실패. 수급 0으로 채움.
2026-05-23 09:22:23 INFO [HOLIDAY] 066570 LG전자: 신규 거래일 없음 (휴장 또는 미정산)
2026-05-23 09:22:24 INFO 'NoneType' object is not subscriptable
2026-05-23 09:22:25 INFO Expecting value: line 15 column 3 (char 33)
2026-05-23 09:22:25 INFO 'NoneType' object is not subscriptable
2026-05-23 09:22:25 INFO Expecting value: line 15 column 3 (char 33)
2026-05-23 09:22:25 WARNING [064400] trader fetch 실패. 수급 0으로 채움.
2026-05-23 09:22:25 INFO [HOLIDAY] 064400 LG씨엔에스: 신규 거래일 없음 (휴장 또는 미정산)
2026-05-23 09:22:26 INFO 'NoneType' object is not subscriptable
2026-05-23 09:22:27 INFO Expecting value: line 15 column 3 (char 33)
2026-05-23 09:22:27 INFO 'NoneType' object is not subscriptable
2026-05-23 09:22:27 INFO Expecting value: line 15 column 3 (char 33)
2026-05-23 09:22:27 WARNING [034730] trader fetch 실패. 수급 0으로 채움.
2026-05-23 09:22:27 INFO [HOLIDAY] 034730 SK: 신규 거래일 없음 (휴장 또는 미정산)
2026-05-23 09:22:28 INFO 'NoneType' object is not subscriptable
2026-05-23 09:22:29 INFO Expecting value: line 15 column 3 (char 33)
2026-05-23 09:22:29 INFO 'NoneType' object is not subscriptable
2026-05-23 09:22:29 INFO Expecting value: line 15 column 3 (char 33)
2026-05-23 09:22:29 WARNING [402340] trader fetch 실패. 수급 0으로 채움.
2026-05-23 09:22:29 INFO [HOLIDAY] 402340 SK스퀘어: 신규 거래일 없음 (휴장 또는 미정산)
2026-05-23 09:22:30 INFO 'NoneType' object is not subscriptable
2026-05-23 09:22:31 INFO Expecting value: line 15 column 3 (char 33)
2026-05-23 09:22:31 INFO 'NoneType' object is not subscriptable
2026-05-23 09:22:32 INFO Expecting value: line 15 column 3 (char 33)
2026-05-23 09:22:32 WARNING [096770] trader fetch 실패. 수급 0으로 채움.
2026-05-23 09:22:32 INFO [HOLIDAY] 096770 SK이노베이션: 신규 거래일 없음 (휴장 또는 미정산)
2026-05-23 09:22:33 INFO 'NoneType' object is not subscriptable
2026-05-23 09:22:33 INFO Expecting value: line 15 column 3 (char 33)
2026-05-23 09:22:33 INFO 'NoneType' object is not subscriptable
2026-05-23 09:22:34 INFO Expecting value: line 15 column 3 (char 33)
2026-05-23 09:22:34 WARNING [005490] trader fetch 실패. 수급 0으로 채움.
2026-05-23 09:22:34 INFO [HOLIDAY] 005490 POSCO홀딩스: 신규 거래일 없음 (휴장 또는 미정산)
2026-05-23 09:22:35 INFO 'NoneType' object is not subscriptable
2026-05-23 09:22:35 INFO Expecting value: line 15 column 3 (char 33)
2026-05-23 09:22:35 INFO 'NoneType' object is not subscriptable
2026-05-23 09:22:36 INFO Expecting value: line 15 column 3 (char 33)
2026-05-23 09:22:36 WARNING [278470] trader fetch 실패. 수급 0으로 채움.
2026-05-23 09:22:36 INFO [HOLIDAY] 278470 에이피알: 신규 거래일 없음 (휴장 또는 미정산)
2026-05-23 09:22:37 INFO 'NoneType' object is not subscriptable
2026-05-23 09:22:37 INFO Expecting value: line 15 column 3 (char 33)
2026-05-23 09:22:37 INFO 'NoneType' object is not subscriptable
2026-05-23 09:22:38 INFO Expecting value: line 15 column 3 (char 33)
2026-05-23 09:22:38 WARNING [161890] trader fetch 실패. 수급 0으로 채움.
2026-05-23 09:22:38 INFO [HOLIDAY] 161890 한국콜마: 신규 거래일 없음 (휴장 또는 미정산)
2026-05-23 09:22:39 INFO 'NoneType' object is not subscriptable
2026-05-23 09:22:39 INFO Expecting value: line 15 column 3 (char 33)
2026-05-23 09:22:39 INFO 'NoneType' object is not subscriptable
2026-05-23 09:22:40 INFO Expecting value: line 15 column 3 (char 33)
2026-05-23 09:22:40 WARNING [007660] trader fetch 실패. 수급 0으로 채움.
2026-05-23 09:22:40 INFO [HOLIDAY] 007660 이수페타시스: 신규 거래일 없음 (휴장 또는 미정산)
2026-05-23 09:22:41 INFO 'NoneType' object is not subscriptable
2026-05-23 09:22:42 INFO Expecting value: line 15 column 3 (char 33)
2026-05-23 09:22:42 INFO 'NoneType' object is not subscriptable
2026-05-23 09:22:42 INFO Expecting value: line 15 column 3 (char 33)
2026-05-23 09:22:42 WARNING [042700] trader fetch 실패. 수급 0으로 채움.
2026-05-23 09:22:42 INFO [HOLIDAY] 042700 한미반도체: 신규 거래일 없음 (휴장 또는 미정산)
2026-05-23 09:22:43 INFO === Daily update done === stats: {'backfill': 0, 'update': 0, 'skip': 0, 'holiday': 29, 'archive': 0, 'error': 0}
