2026-06-17 08:33:28 INFO === Daily update start ===
2026-06-17 08:33:28 INFO log file: logs/update_20260617.log
2026-06-17 08:33:29 INFO 종목 마스터: 199 종목
2026-06-17 08:33:29 INFO 로컬 CSV: 199 종목
2026-06-17 08:33:30 INFO [DEBUG_COLS] OHLCV columns for 005930: ['시가', '고가', '저가', '종가', '거래량', '등락률']
2026-06-17 08:33:36 INFO [DEBUG_COLS] Trader columns for 005930: ['금융투자', '보험', '투신', '사모', '은행', '기타금융', '연기금', '기타법인', '개인', '외국인', '기타외국인', '전체']
2026-06-17 08:33:36 INFO [UPDATE] 005930 삼성전자: +1 rows (total 2468)
2026-06-17 08:33:37 INFO [UPDATE] 000660 SK하이닉스: +1 rows (total 2468)
2026-06-17 08:33:38 INFO [UPDATE] 006400 삼성SDI: +1 rows (total 2468)
2026-06-17 08:33:39 INFO [UPDATE] 009150 삼성전기: +1 rows (total 2468)
2026-06-17 08:33:40 INFO [UPDATE] 028260 삼성물산: +1 rows (total 2468)
2026-06-17 08:33:41 INFO [UPDATE] 010140 삼성중공업: +1 rows (total 2468)
2026-06-17 08:33:42 INFO [UPDATE] 018260 삼성에스디에스: +1 rows (total 2468)
2026-06-17 08:33:43 INFO [UPDATE] 005380 현대차: +1 rows (total 2468)
2026-06-17 08:33:44 INFO [UPDATE] 012330 현대모비스: +1 rows (total 2468)
2026-06-17 08:33:45 INFO [UPDATE] 064350 현대로템: +1 rows (total 2468)
2026-06-17 08:33:46 INFO [UPDATE] 267260 HD현대일렉트릭: +1 rows (total 2232)
2026-06-17 08:33:47 INFO [UPDATE] 000880 한화: +1 rows (total 2468)
2026-06-17 08:33:47 INFO [UPDATE] 012450 한화에어로스페이스: +1 rows (total 2468)
2026-06-17 08:33:48 INFO [UPDATE] 272210 한화시스템: +1 rows (total 1617)
2026-06-17 08:33:49 INFO [UPDATE] 042660 한화오션: +1 rows (total 2468)
2026-06-17 08:33:50 INFO [UPDATE] 034020 두산에너빌리티: +1 rows (total 2468)
2026-06-17 08:33:51 INFO [UPDATE] 006260 LS: +1 rows (total 2468)
2026-06-17 08:33:52 INFO [UPDATE] 010120 LS일렉트릭: +1 rows (total 2468)
2026-06-17 08:33:53 INFO [UPDATE] 003550 LG: +1 rows (total 2468)
2026-06-17 08:33:54 INFO [UPDATE] 066570 LG전자: +1 rows (total 2468)
2026-06-17 08:33:55 INFO [UPDATE] 064400 LG씨엔에스: +1 rows (total 333)
2026-06-17 08:33:56 INFO [UPDATE] 034730 SK: +1 rows (total 2468)
2026-06-17 08:33:57 INFO [UPDATE] 402340 SK스퀘어: +1 rows (total 1112)
2026-06-17 08:33:58 INFO [UPDATE] 096770 SK이노베이션: +1 rows (total 2468)
2026-06-17 08:33:58 INFO [UPDATE] 005490 POSCO홀딩스: +1 rows (total 2468)
2026-06-17 08:33:59 INFO [UPDATE] 278470 에이피알: +1 rows (total 559)
2026-06-17 08:34:00 INFO [UPDATE] 161890 한국콜마: +1 rows (total 2468)
2026-06-17 08:34:01 INFO [UPDATE] 007660 이수페타시스: +1 rows (total 2468)
2026-06-17 08:34:02 INFO [UPDATE] 042700 한미반도체: +1 rows (total 2468)
2026-06-17 08:34:03 INFO [UPDATE] 090430 아모레퍼시픽: +1 rows (total 2467)
2026-06-17 08:34:04 INFO [UPDATE] 002790 아모레퍼시픽홀딩스: +1 rows (total 2467)
2026-06-17 08:34:05 INFO [UPDATE] 002030 아세아: +1 rows (total 2467)
2026-06-17 08:34:07 INFO [UPDATE] 282330 BGF리테일: +1 rows (total 2088)
2026-06-17 08:34:08 INFO [UPDATE] 138930 BNK금융지주: +1 rows (total 2467)
2026-06-17 08:34:09 INFO [UPDATE] 068270 셀트리온: +1 rows (total 2467)
2026-06-17 08:34:10 INFO [UPDATE] 030000 제일기획: +1 rows (total 2467)
2026-06-17 08:34:11 INFO [UPDATE] 185750 종근당: +1 rows (total 2467)
2026-06-17 08:34:12 INFO [UPDATE] 001040 CJ: +1 rows (total 2467)
2026-06-17 08:34:13 INFO [UPDATE] 097950 CJ제일제당: +1 rows (total 2467)
2026-06-17 08:34:15 INFO [UPDATE] 000120 CJ대한통운: +1 rows (total 2467)
2026-06-17 08:34:16 INFO [UPDATE] 192820 코스맥스: +1 rows (total 2467)
2026-06-17 08:34:17 INFO [UPDATE] 005420 코스모화학: +1 rows (total 2467)
2026-06-17 08:34:18 INFO [UPDATE] 021240 코웨이: +1 rows (total 2467)
2026-06-17 08:34:19 INFO [UPDATE] 112610 씨에스윈드: +1 rows (total 2467)
2026-06-17 08:34:20 INFO [UPDATE] 001680 대상: +1 rows (total 2467)
2026-06-17 08:34:21 INFO [UPDATE] 047040 대우건설: +1 rows (total 2467)
2026-06-17 08:34:22 INFO [UPDATE] 003090 대웅: +1 rows (total 2467)
2026-06-17 08:34:23 INFO [UPDATE] 069620 대웅제약: +1 rows (total 2467)
2026-06-17 08:34:24 INFO [UPDATE] 005830 DB손해보험: +1 rows (total 2467)
2026-06-17 08:34:25 INFO [UPDATE] 000210 DL: +1 rows (total 2467)
2026-06-17 08:34:25 INFO [UPDATE] 375500 DL이앤씨: +1 rows (total 1321)
2026-06-17 08:34:26 INFO [UPDATE] 007340 DN오토모티브: +1 rows (total 2467)
2026-06-17 08:34:27 INFO [UPDATE] 026960 동서: +1 rows (total 2467)
2026-06-17 08:34:28 INFO [UPDATE] 006040 동원산업: +1 rows (total 2467)
2026-06-17 08:34:29 INFO [UPDATE] 014820 동원시스템즈: +1 rows (total 2467)
2026-06-17 08:34:30 INFO [UPDATE] 000150 두산: +1 rows (total 2467)
2026-06-17 08:34:31 INFO [UPDATE] 241560 두산밥캣: +1 rows (total 2347)
2026-06-17 08:34:32 INFO [UPDATE] 454910 두산로보틱스: +1 rows (total 656)
2026-06-17 08:34:33 INFO [UPDATE] 192080 더블유게임즈: +1 rows (total 2467)
2026-06-17 08:34:34 INFO [UPDATE] 450080 에코프로머티: +1 rows (total 626)
2026-06-17 08:34:35 INFO [UPDATE] 139480 이마트: +1 rows (total 2467)
2026-06-17 08:34:35 INFO [UPDATE] 383220 F&F: +1 rows (total 1242)
2026-06-17 08:34:36 INFO [UPDATE] 093370 후성: +1 rows (total 2467)
2026-06-17 08:34:37 INFO [UPDATE] 114090 GKL: +1 rows (total 2467)
2026-06-17 08:34:38 INFO [UPDATE] 006280 GC녹십자: +1 rows (total 2467)
2026-06-17 08:34:39 INFO [UPDATE] 005250 녹십자홀딩스: +1 rows (total 2467)
2026-06-17 08:34:40 INFO [UPDATE] 078930 GS: +1 rows (total 2467)
2026-06-17 08:34:41 INFO [UPDATE] 006360 GS건설: +1 rows (total 2467)
2026-06-17 08:34:42 INFO [UPDATE] 007070 GS리테일: +1 rows (total 2467)
2026-06-17 08:34:43 INFO [UPDATE] 086790 하나금융지주: +1 rows (total 2467)
2026-06-17 08:34:44 INFO [UPDATE] 009420 한올바이오파마: +1 rows (total 2467)
2026-06-17 08:34:45 INFO [UPDATE] 300720 한일시멘트: +1 rows (total 1928)
2026-06-17 08:34:46 INFO [UPDATE] 180640 한진칼: +1 rows (total 2467)
2026-06-17 08:34:47 INFO [UPDATE] 161390 한국타이어앤테크놀로지: +1 rows (total 2467)
2026-06-17 08:34:48 INFO [UPDATE] 000240 한국앤컴퍼니: +1 rows (total 2467)
2026-06-17 08:34:49 INFO [UPDATE] 128940 한미약품: +1 rows (total 2467)
2026-06-17 08:34:50 INFO [UPDATE] 008930 한미사이언스: +1 rows (total 2467)
2026-06-17 08:34:51 INFO [UPDATE] 018880 한온시스템: +1 rows (total 2467)
2026-06-17 08:34:52 INFO [UPDATE] 014680 한솔케미칼: +1 rows (total 2467)
2026-06-17 08:34:52 INFO [UPDATE] 009240 한샘: +1 rows (total 2467)
2026-06-17 08:34:53 INFO [UPDATE] 082740 한화엔진: +1 rows (total 2467)
2026-06-17 08:34:54 INFO [UPDATE] 088350 한화생명: +1 rows (total 2467)
2026-06-17 08:34:55 INFO [UPDATE] 009830 한화솔루션: +1 rows (total 2467)
2026-06-17 08:34:56 INFO [UPDATE] 267250 HD현대: +1 rows (total 2232)
2026-06-17 08:34:57 INFO [UPDATE] 329180 HD현대중공업: +1 rows (total 1158)
2026-06-17 08:34:58 INFO [UPDATE] 071970 HD현대마린엔진: +1 rows (total 2467)
2026-06-17 08:34:59 INFO [UPDATE] 443060 HD현대마린솔루션: +1 rows (total 512)
2026-06-17 08:35:00 INFO [UPDATE] 009540 HD한국조선해양: +1 rows (total 2467)
2026-06-17 08:35:01 INFO [UPDATE] 017960 한국카본: +1 rows (total 2467)
2026-06-17 08:35:02 INFO [UPDATE] 000080 하이트진로: +1 rows (total 2467)
2026-06-17 08:35:03 INFO [UPDATE] 204320 HL만도: +1 rows (total 2467)
2026-06-17 08:35:04 INFO [UPDATE] 011200 HMM: +1 rows (total 2467)
2026-06-17 08:35:05 INFO [UPDATE] 008770 호텔신라: +1 rows (total 2467)
2026-06-17 08:35:06 INFO [UPDATE] 298050 효성첨단소재: +1 rows (total 1944)
2026-06-17 08:35:06 INFO [UPDATE] 352820 하이브: +1 rows (total 1390)
2026-06-17 08:35:07 INFO [UPDATE] 298040 효성중공업: +1 rows (total 1944)
2026-06-17 08:35:08 INFO [UPDATE] 298020 효성티앤씨: +1 rows (total 1944)
2026-06-17 08:35:09 INFO [UPDATE] 307950 현대오토에버: +1 rows (total 1773)
2026-06-17 08:35:10 INFO [UPDATE] 069960 현대백화점: +1 rows (total 2467)
2026-06-17 08:35:11 INFO [UPDATE] 000720 현대건설: +1 rows (total 2467)
2026-06-17 08:35:12 INFO [UPDATE] 017800 현대엘리베이: +1 rows (total 2467)
2026-06-17 08:35:13 INFO [UPDATE] 086280 현대글로비스: +1 rows (total 2467)
2026-06-17 08:35:14 INFO [UPDATE] 001450 현대해상: +1 rows (total 2467)
2026-06-17 08:35:15 INFO [UPDATE] 004020 현대제철: +1 rows (total 2467)
2026-06-17 08:35:16 INFO [UPDATE] 011210 현대위아: +1 rows (total 2467)
2026-06-17 08:35:17 INFO [UPDATE] 139130 iM금융지주: +1 rows (total 2467)
2026-06-17 08:35:18 INFO [UPDATE] 024110 기업은행: +1 rows (total 2467)
2026-06-17 08:35:19 INFO [UPDATE] 457190 이수스페셜티케미컬: +1 rows (total 741)
2026-06-17 08:35:20 INFO [UPDATE] 175330 JB금융지주: +1 rows (total 2467)
2026-06-17 08:35:21 INFO [UPDATE] 035720 카카오: +1 rows (total 2467)
2026-06-17 08:35:21 INFO [UPDATE] 323410 카카오뱅크: +1 rows (total 1187)
2026-06-17 08:35:22 INFO [UPDATE] 377300 카카오페이: +1 rows (total 1130)
2026-06-17 08:35:23 INFO [UPDATE] 035250 강원랜드: +1 rows (total 2467)
2026-06-17 08:35:24 INFO [UPDATE] 105560 KB금융: +1 rows (total 2467)
2026-06-17 08:35:25 INFO [UPDATE] 002380 KCC: +1 rows (total 2467)
2026-06-17 08:35:26 INFO [UPDATE] 015760 한국전력: +1 rows (total 2467)
2026-06-17 08:35:27 INFO [UPDATE] 052690 한전기술: +1 rows (total 2467)
2026-06-17 08:35:28 INFO [UPDATE] 051600 한전KPS: +1 rows (total 2467)
2026-06-17 08:35:29 INFO [UPDATE] 000270 기아: +1 rows (total 2467)
2026-06-17 08:35:30 INFO [UPDATE] 039490 키움증권: +1 rows (total 2467)
2026-06-17 08:35:31 INFO [UPDATE] 120110 코오롱인더: +1 rows (total 2467)
2026-06-17 08:35:32 INFO [UPDATE] 047810 한국항공우주: +1 rows (total 2467)
2026-06-17 08:35:33 INFO [UPDATE] 071320 한국지역난방공사: +1 rows (total 2467)
2026-06-17 08:35:34 INFO [UPDATE] 036460 한국가스공사: +1 rows (total 2467)
2026-06-17 08:35:35 INFO [UPDATE] 071050 한국금융지주: +1 rows (total 2467)
2026-06-17 08:35:35 INFO [UPDATE] 006650 대한유화: +1 rows (total 2467)
2026-06-17 08:35:36 INFO [UPDATE] 010130 고려아연: +1 rows (total 2467)
2026-06-17 08:35:37 INFO [UPDATE] 003490 대한항공: +1 rows (total 2467)
2026-06-17 08:35:38 INFO [UPDATE] 259960 크래프톤: +1 rows (total 1185)
2026-06-17 08:35:39 INFO [UPDATE] 030200 KT: +1 rows (total 2467)
2026-06-17 08:35:40 INFO [UPDATE] 033780 KT&G: +1 rows (total 2467)
2026-06-17 08:35:41 INFO [UPDATE] 011780 금호석유: +1 rows (total 2467)
2026-06-17 08:35:42 INFO [UPDATE] 073240 금호타이어: +1 rows (total 2467)
2026-06-17 08:35:43 INFO [UPDATE] 066970 엘앤에프: +1 rows (total 2467)
2026-06-17 08:35:44 INFO [UPDATE] 051910 LG화학: +1 rows (total 2467)
2026-06-17 08:35:45 INFO [UPDATE] 034220 LG디스플레이: +1 rows (total 2467)
2026-06-17 08:35:45 INFO [UPDATE] 373220 LG에너지솔루션: +1 rows (total 1070)
2026-06-17 08:35:46 INFO [UPDATE] 051900 LG생활건강: +1 rows (total 2467)
2026-06-17 08:35:47 INFO [UPDATE] 011070 LG이노텍: +1 rows (total 2467)
2026-06-17 08:35:48 INFO [UPDATE] 032640 LG유플러스: +1 rows (total 2467)
2026-06-17 08:35:49 INFO [UPDATE] 079550 LIG넥스원: +1 rows (total 2467)
2026-06-17 08:35:50 INFO [UPDATE] 004990 롯데지주: +1 rows (total 2467)
2026-06-17 08:35:51 INFO [UPDATE] 011170 롯데케미칼: +1 rows (total 2467)
2026-06-17 08:35:52 INFO [UPDATE] 005300 롯데칠성: +1 rows (total 2467)
2026-06-17 08:35:53 INFO [UPDATE] 004000 롯데정밀화학: +1 rows (total 2467)
2026-06-17 08:35:54 INFO [UPDATE] 023530 롯데쇼핑: +1 rows (total 2467)
2026-06-17 08:35:55 INFO [UPDATE] 280360 롯데웰푸드: +1 rows (total 2117)
2026-06-17 08:35:56 INFO [UPDATE] 138040 메리츠금융지주: +1 rows (total 2467)
2026-06-17 08:35:57 INFO [UPDATE] 006800 미래에셋증권: +1 rows (total 2467)
2026-06-17 08:35:58 INFO [UPDATE] 081660 미스토홀딩스: +1 rows (total 2467)
2026-06-17 08:35:58 INFO [UPDATE] 002840 미원상사: +1 rows (total 2467)
2026-06-17 08:35:59 INFO [UPDATE] 268280 미원에스씨: +1 rows (total 2224)
2026-06-17 08:36:00 INFO [UPDATE] 035420 NAVER: +1 rows (total 2467)
2026-06-17 08:36:01 INFO [UPDATE] 036570 엔씨소프트: +1 rows (total 2467)
2026-06-17 08:36:02 INFO [UPDATE] 251270 넷마블: +1 rows (total 2230)
2026-06-17 08:36:03 INFO [UPDATE] 005940 NH투자증권: +1 rows (total 2467)
2026-06-17 08:36:04 INFO [UPDATE] 004370 농심: +1 rows (total 2467)
2026-06-17 08:36:05 INFO [UPDATE] 010060 OCI홀딩스: +1 rows (total 2467)
2026-06-17 08:36:06 INFO [UPDATE] 271560 오리온: +1 rows (total 2191)
2026-06-17 08:36:07 INFO [UPDATE] 001800 오리온홀딩스: +1 rows (total 2467)
2026-06-17 08:36:08 INFO [UPDATE] 007310 오뚜기: +1 rows (total 2467)
2026-06-17 08:36:09 INFO [UPDATE] 028670 팬오션: +1 rows (total 2467)
2026-06-17 08:36:10 INFO [UPDATE] 034230 파라다이스: +1 rows (total 2467)
2026-06-17 08:36:11 INFO [UPDATE] 103140 풍산: +1 rows (total 2467)
2026-06-17 08:36:12 INFO [UPDATE] 022100 포스코DX: +1 rows (total 2467)
2026-06-17 08:36:12 INFO [UPDATE] 003670 포스코퓨처엠: +1 rows (total 2467)
2026-06-17 08:36:13 INFO [UPDATE] 047050 포스코인터내셔널: +1 rows (total 2467)
2026-06-17 08:36:14 INFO [UPDATE] 012750 에스원: +1 rows (total 2467)
2026-06-17 08:36:15 INFO [UPDATE] 062040 산일전기: +1 rows (total 456)
2026-06-17 08:36:16 INFO [UPDATE] 207940 삼성바이오로직스: +1 rows (total 2353)
2026-06-17 08:36:17 INFO [UPDATE] 029780 삼성카드: +1 rows (total 2467)
2026-06-17 08:36:18 INFO [UPDATE] 028050 삼성E&A: +1 rows (total 2467)
2026-06-17 08:36:19 INFO [UPDATE] 000810 삼성화재: +1 rows (total 2467)
2026-06-17 08:36:20 INFO [UPDATE] 032830 삼성생명: +1 rows (total 2467)
2026-06-17 08:36:21 INFO [UPDATE] 016360 삼성증권: +1 rows (total 2467)
2026-06-17 08:36:22 INFO [UPDATE] 003230 삼양식품: +1 rows (total 2467)
2026-06-17 08:36:23 INFO [UPDATE] 137310 에스디바이오센서: +1 rows (total 1202)
2026-06-17 08:36:24 INFO [UPDATE] 001430 세아베스틸지주: +1 rows (total 2467)
2026-06-17 08:36:24 INFO [UPDATE] 003030 세아제강지주: +1 rows (total 2467)
2026-06-17 08:36:25 INFO [UPDATE] 004490 세방전지: +1 rows (total 2467)
2026-06-17 08:36:26 INFO [UPDATE] 055550 신한지주: +1 rows (total 2467)
2026-06-17 08:36:27 INFO [UPDATE] 004170 신세계: +1 rows (total 2467)
2026-06-17 08:36:28 INFO [UPDATE] 326030 SK바이오팜: +1 rows (total 1460)
2026-06-17 08:36:29 INFO [UPDATE] 302440 SK바이오사이언스: +1 rows (total 1286)
2026-06-17 08:36:30 INFO [UPDATE] 285130 SK케미칼: +1 rows (total 2071)
2026-06-17 08:36:31 INFO [UPDATE] 361610 SKIET: +1 rows (total 1249)
2026-06-17 08:36:32 INFO [UPDATE] 017670 SK텔레콤: +1 rows (total 2467)
2026-06-17 08:36:33 INFO [UPDATE] 011790 SKC: +1 rows (total 2467)
2026-06-17 08:36:34 INFO [UPDATE] 005850 에스엘: +1 rows (total 2467)
2026-06-17 08:36:35 INFO [UPDATE] 010950 S-Oil: +1 rows (total 2467)
2026-06-17 08:36:35 INFO [UPDATE] 003240 태광산업: +1 rows (total 2467)
2026-06-17 08:36:37 INFO [UPDATE] 001440 대한전선: +1 rows (total 2467)
2026-06-17 08:36:38 INFO [UPDATE] 069260 휴켐스: +1 rows (total 2467)
2026-06-17 08:36:39 INFO [UPDATE] 316140 우리금융지주: +1 rows (total 1803)
2026-06-17 08:36:40 INFO [UPDATE] 008730 율촌화학: +1 rows (total 2467)
2026-06-17 08:36:40 INFO [UPDATE] 000670 영풍: +1 rows (total 2467)
2026-06-17 08:36:41 INFO [UPDATE] 111770 영원무역: +1 rows (total 2467)
2026-06-17 08:36:42 INFO [UPDATE] 009970 영원무역홀딩스: +1 rows (total 2467)
2026-06-17 08:36:43 INFO [UPDATE] 000100 유한양행: +1 rows (total 2467)
2026-06-17 08:36:44 INFO === Daily update done === stats: {'backfill': 0, 'update': 199, 'skip': 0, 'holiday': 0, 'archive': 0, 'error': 0}
2026-06-17 12:58:06 INFO === Daily update start ===
2026-06-17 12:58:06 INFO log file: logs/update_20260617.log
2026-06-17 12:58:07 INFO 종목 마스터: 199 종목
2026-06-17 12:58:07 INFO 로컬 CSV: 199 종목
2026-06-17 12:58:07 INFO [SKIP] 005930 삼성전자: already up to date (2026-06-17)
2026-06-17 12:58:08 INFO [SKIP] 000660 SK하이닉스: already up to date (2026-06-17)
2026-06-17 12:58:08 INFO [SKIP] 006400 삼성SDI: already up to date (2026-06-17)
2026-06-17 12:58:09 INFO [SKIP] 009150 삼성전기: already up to date (2026-06-17)
2026-06-17 12:58:09 INFO [SKIP] 028260 삼성물산: already up to date (2026-06-17)
2026-06-17 12:58:10 INFO [SKIP] 010140 삼성중공업: already up to date (2026-06-17)
2026-06-17 12:58:10 INFO [SKIP] 018260 삼성에스디에스: already up to date (2026-06-17)
2026-06-17 12:58:11 INFO [SKIP] 005380 현대차: already up to date (2026-06-17)
2026-06-17 12:58:11 INFO [SKIP] 012330 현대모비스: already up to date (2026-06-17)
2026-06-17 12:58:12 INFO [SKIP] 064350 현대로템: already up to date (2026-06-17)
2026-06-17 12:58:12 INFO [SKIP] 267260 HD현대일렉트릭: already up to date (2026-06-17)
2026-06-17 12:58:13 INFO [SKIP] 000880 한화: already up to date (2026-06-17)
2026-06-17 12:58:13 INFO [SKIP] 012450 한화에어로스페이스: already up to date (2026-06-17)
2026-06-17 12:58:14 INFO [SKIP] 272210 한화시스템: already up to date (2026-06-17)
2026-06-17 12:58:14 INFO [SKIP] 042660 한화오션: already up to date (2026-06-17)
2026-06-17 12:58:15 INFO [SKIP] 034020 두산에너빌리티: already up to date (2026-06-17)
2026-06-17 12:58:15 INFO [SKIP] 006260 LS: already up to date (2026-06-17)
2026-06-17 12:58:16 INFO [SKIP] 010120 LS일렉트릭: already up to date (2026-06-17)
2026-06-17 12:58:16 INFO [SKIP] 003550 LG: already up to date (2026-06-17)
2026-06-17 12:58:17 INFO [SKIP] 066570 LG전자: already up to date (2026-06-17)
2026-06-17 12:58:17 INFO [SKIP] 064400 LG씨엔에스: already up to date (2026-06-17)
2026-06-17 12:58:18 INFO [SKIP] 034730 SK: already up to date (2026-06-17)
2026-06-17 12:58:19 INFO [SKIP] 402340 SK스퀘어: already up to date (2026-06-17)
2026-06-17 12:58:19 INFO [SKIP] 096770 SK이노베이션: already up to date (2026-06-17)
2026-06-17 12:58:20 INFO [SKIP] 005490 POSCO홀딩스: already up to date (2026-06-17)
2026-06-17 12:58:20 INFO [SKIP] 278470 에이피알: already up to date (2026-06-17)
2026-06-17 12:58:21 INFO [SKIP] 161890 한국콜마: already up to date (2026-06-17)
2026-06-17 12:58:21 INFO [SKIP] 007660 이수페타시스: already up to date (2026-06-17)
2026-06-17 12:58:22 INFO [SKIP] 042700 한미반도체: already up to date (2026-06-17)
2026-06-17 12:58:22 INFO [SKIP] 090430 아모레퍼시픽: already up to date (2026-06-17)
2026-06-17 12:58:23 INFO [SKIP] 002790 아모레퍼시픽홀딩스: already up to date (2026-06-17)
2026-06-17 12:58:23 INFO [SKIP] 002030 아세아: already up to date (2026-06-17)
2026-06-17 12:58:24 INFO [SKIP] 282330 BGF리테일: already up to date (2026-06-17)
2026-06-17 12:58:24 INFO [SKIP] 138930 BNK금융지주: already up to date (2026-06-17)
2026-06-17 12:58:25 INFO [SKIP] 068270 셀트리온: already up to date (2026-06-17)
2026-06-17 12:58:25 INFO [SKIP] 030000 제일기획: already up to date (2026-06-17)
2026-06-17 12:58:26 INFO [SKIP] 185750 종근당: already up to date (2026-06-17)
2026-06-17 12:58:26 INFO [SKIP] 001040 CJ: already up to date (2026-06-17)
2026-06-17 12:58:27 INFO [SKIP] 097950 CJ제일제당: already up to date (2026-06-17)
2026-06-17 12:58:27 INFO [SKIP] 000120 CJ대한통운: already up to date (2026-06-17)
2026-06-17 12:58:28 INFO [SKIP] 192820 코스맥스: already up to date (2026-06-17)
2026-06-17 12:58:28 INFO [SKIP] 005420 코스모화학: already up to date (2026-06-17)
2026-06-17 12:58:29 INFO [SKIP] 021240 코웨이: already up to date (2026-06-17)
2026-06-17 12:58:29 INFO [SKIP] 112610 씨에스윈드: already up to date (2026-06-17)
2026-06-17 12:58:30 INFO [SKIP] 001680 대상: already up to date (2026-06-17)
2026-06-17 12:58:30 INFO [SKIP] 047040 대우건설: already up to date (2026-06-17)
2026-06-17 12:58:31 INFO [SKIP] 003090 대웅: already up to date (2026-06-17)
2026-06-17 12:58:31 INFO [SKIP] 069620 대웅제약: already up to date (2026-06-17)
2026-06-17 12:58:32 INFO [SKIP] 005830 DB손해보험: already up to date (2026-06-17)
2026-06-17 12:58:32 INFO [SKIP] 000210 DL: already up to date (2026-06-17)
2026-06-17 12:58:33 INFO [SKIP] 375500 DL이앤씨: already up to date (2026-06-17)
2026-06-17 12:58:33 INFO [SKIP] 007340 DN오토모티브: already up to date (2026-06-17)
2026-06-17 12:58:34 INFO [SKIP] 026960 동서: already up to date (2026-06-17)
2026-06-17 12:58:34 INFO [SKIP] 006040 동원산업: already up to date (2026-06-17)
2026-06-17 12:58:35 INFO [SKIP] 014820 동원시스템즈: already up to date (2026-06-17)
2026-06-17 12:58:35 INFO [SKIP] 000150 두산: already up to date (2026-06-17)
2026-06-17 12:58:36 INFO [SKIP] 241560 두산밥캣: already up to date (2026-06-17)
2026-06-17 12:58:36 INFO [SKIP] 454910 두산로보틱스: already up to date (2026-06-17)
2026-06-17 12:58:37 INFO [SKIP] 192080 더블유게임즈: already up to date (2026-06-17)
2026-06-17 12:58:37 INFO [SKIP] 450080 에코프로머티: already up to date (2026-06-17)
2026-06-17 12:58:38 INFO [SKIP] 139480 이마트: already up to date (2026-06-17)
2026-06-17 12:58:38 INFO [SKIP] 383220 F&F: already up to date (2026-06-17)
2026-06-17 12:58:39 INFO [SKIP] 093370 후성: already up to date (2026-06-17)
2026-06-17 12:58:39 INFO [SKIP] 114090 GKL: already up to date (2026-06-17)
2026-06-17 12:58:40 INFO [SKIP] 006280 GC녹십자: already up to date (2026-06-17)
2026-06-17 12:58:40 INFO [SKIP] 005250 녹십자홀딩스: already up to date (2026-06-17)
2026-06-17 12:58:41 INFO [SKIP] 078930 GS: already up to date (2026-06-17)
2026-06-17 12:58:41 INFO [SKIP] 006360 GS건설: already up to date (2026-06-17)
2026-06-17 12:58:42 INFO [SKIP] 007070 GS리테일: already up to date (2026-06-17)
2026-06-17 12:58:42 INFO [SKIP] 086790 하나금융지주: already up to date (2026-06-17)
2026-06-17 12:58:43 INFO [SKIP] 009420 한올바이오파마: already up to date (2026-06-17)
2026-06-17 12:58:43 INFO [SKIP] 300720 한일시멘트: already up to date (2026-06-17)
2026-06-17 12:58:44 INFO [SKIP] 180640 한진칼: already up to date (2026-06-17)
2026-06-17 12:58:44 INFO [SKIP] 161390 한국타이어앤테크놀로지: already up to date (2026-06-17)
2026-06-17 12:58:45 INFO [SKIP] 000240 한국앤컴퍼니: already up to date (2026-06-17)
2026-06-17 12:58:45 INFO [SKIP] 128940 한미약품: already up to date (2026-06-17)
2026-06-17 12:58:46 INFO [SKIP] 008930 한미사이언스: already up to date (2026-06-17)
2026-06-17 12:58:46 INFO [SKIP] 018880 한온시스템: already up to date (2026-06-17)
2026-06-17 12:58:47 INFO [SKIP] 014680 한솔케미칼: already up to date (2026-06-17)
2026-06-17 12:58:47 INFO [SKIP] 009240 한샘: already up to date (2026-06-17)
2026-06-17 12:58:48 INFO [SKIP] 082740 한화엔진: already up to date (2026-06-17)
2026-06-17 12:58:48 INFO [SKIP] 088350 한화생명: already up to date (2026-06-17)
2026-06-17 12:58:49 INFO [SKIP] 009830 한화솔루션: already up to date (2026-06-17)
2026-06-17 12:58:49 INFO [SKIP] 267250 HD현대: already up to date (2026-06-17)
2026-06-17 12:58:50 INFO [SKIP] 329180 HD현대중공업: already up to date (2026-06-17)
2026-06-17 12:58:50 INFO [SKIP] 071970 HD현대마린엔진: already up to date (2026-06-17)
2026-06-17 12:58:51 INFO [SKIP] 443060 HD현대마린솔루션: already up to date (2026-06-17)
2026-06-17 12:58:51 INFO [SKIP] 009540 HD한국조선해양: already up to date (2026-06-17)
2026-06-17 12:58:52 INFO [SKIP] 017960 한국카본: already up to date (2026-06-17)
2026-06-17 12:58:52 INFO [SKIP] 000080 하이트진로: already up to date (2026-06-17)
2026-06-17 12:58:53 INFO [SKIP] 204320 HL만도: already up to date (2026-06-17)
2026-06-17 12:58:53 INFO [SKIP] 011200 HMM: already up to date (2026-06-17)
2026-06-17 12:58:54 INFO [SKIP] 008770 호텔신라: already up to date (2026-06-17)
2026-06-17 12:58:54 INFO [SKIP] 298050 효성첨단소재: already up to date (2026-06-17)
2026-06-17 12:58:55 INFO [SKIP] 352820 하이브: already up to date (2026-06-17)
2026-06-17 12:58:56 INFO [SKIP] 298040 효성중공업: already up to date (2026-06-17)
2026-06-17 12:58:56 INFO [SKIP] 298020 효성티앤씨: already up to date (2026-06-17)
2026-06-17 12:58:57 INFO [SKIP] 307950 현대오토에버: already up to date (2026-06-17)
2026-06-17 12:58:57 INFO [SKIP] 069960 현대백화점: already up to date (2026-06-17)
2026-06-17 12:58:58 INFO [SKIP] 000720 현대건설: already up to date (2026-06-17)
2026-06-17 12:58:58 INFO [SKIP] 017800 현대엘리베이: already up to date (2026-06-17)
2026-06-17 12:58:59 INFO [SKIP] 086280 현대글로비스: already up to date (2026-06-17)
2026-06-17 12:58:59 INFO [SKIP] 001450 현대해상: already up to date (2026-06-17)
2026-06-17 12:59:00 INFO [SKIP] 004020 현대제철: already up to date (2026-06-17)
2026-06-17 12:59:00 INFO [SKIP] 011210 현대위아: already up to date (2026-06-17)
2026-06-17 12:59:01 INFO [SKIP] 139130 iM금융지주: already up to date (2026-06-17)
2026-06-17 12:59:01 INFO [SKIP] 024110 기업은행: already up to date (2026-06-17)
2026-06-17 12:59:02 INFO [SKIP] 457190 이수스페셜티케미컬: already up to date (2026-06-17)
2026-06-17 12:59:02 INFO [SKIP] 175330 JB금융지주: already up to date (2026-06-17)
2026-06-17 12:59:03 INFO [SKIP] 035720 카카오: already up to date (2026-06-17)
2026-06-17 12:59:03 INFO [SKIP] 323410 카카오뱅크: already up to date (2026-06-17)
2026-06-17 12:59:04 INFO [SKIP] 377300 카카오페이: already up to date (2026-06-17)
2026-06-17 12:59:04 INFO [SKIP] 035250 강원랜드: already up to date (2026-06-17)
2026-06-17 12:59:05 INFO [SKIP] 105560 KB금융: already up to date (2026-06-17)
2026-06-17 12:59:05 INFO [SKIP] 002380 KCC: already up to date (2026-06-17)
2026-06-17 12:59:06 INFO [SKIP] 015760 한국전력: already up to date (2026-06-17)
2026-06-17 12:59:06 INFO [SKIP] 052690 한전기술: already up to date (2026-06-17)
2026-06-17 12:59:07 INFO [SKIP] 051600 한전KPS: already up to date (2026-06-17)
2026-06-17 12:59:07 INFO [SKIP] 000270 기아: already up to date (2026-06-17)
2026-06-17 12:59:08 INFO [SKIP] 039490 키움증권: already up to date (2026-06-17)
2026-06-17 12:59:08 INFO [SKIP] 120110 코오롱인더: already up to date (2026-06-17)
2026-06-17 12:59:09 INFO [SKIP] 047810 한국항공우주: already up to date (2026-06-17)
2026-06-17 12:59:09 INFO [SKIP] 071320 한국지역난방공사: already up to date (2026-06-17)
2026-06-17 12:59:10 INFO [SKIP] 036460 한국가스공사: already up to date (2026-06-17)
2026-06-17 12:59:10 INFO [SKIP] 071050 한국금융지주: already up to date (2026-06-17)
2026-06-17 12:59:11 INFO [SKIP] 006650 대한유화: already up to date (2026-06-17)
2026-06-17 12:59:11 INFO [SKIP] 010130 고려아연: already up to date (2026-06-17)
2026-06-17 12:59:12 INFO [SKIP] 003490 대한항공: already up to date (2026-06-17)
2026-06-17 12:59:12 INFO [SKIP] 259960 크래프톤: already up to date (2026-06-17)
2026-06-17 12:59:13 INFO [SKIP] 030200 KT: already up to date (2026-06-17)
2026-06-17 12:59:13 INFO [SKIP] 033780 KT&G: already up to date (2026-06-17)
2026-06-17 12:59:14 INFO [SKIP] 011780 금호석유: already up to date (2026-06-17)
2026-06-17 12:59:14 INFO [SKIP] 073240 금호타이어: already up to date (2026-06-17)
2026-06-17 12:59:15 INFO [SKIP] 066970 엘앤에프: already up to date (2026-06-17)
2026-06-17 12:59:15 INFO [SKIP] 051910 LG화학: already up to date (2026-06-17)
2026-06-17 12:59:16 INFO [SKIP] 034220 LG디스플레이: already up to date (2026-06-17)
2026-06-17 12:59:16 INFO [SKIP] 373220 LG에너지솔루션: already up to date (2026-06-17)
2026-06-17 12:59:17 INFO [SKIP] 051900 LG생활건강: already up to date (2026-06-17)
2026-06-17 12:59:17 INFO [SKIP] 011070 LG이노텍: already up to date (2026-06-17)
2026-06-17 12:59:18 INFO [SKIP] 032640 LG유플러스: already up to date (2026-06-17)
2026-06-17 12:59:18 INFO [SKIP] 079550 LIG넥스원: already up to date (2026-06-17)
2026-06-17 12:59:19 INFO [SKIP] 004990 롯데지주: already up to date (2026-06-17)
2026-06-17 12:59:19 INFO [SKIP] 011170 롯데케미칼: already up to date (2026-06-17)
2026-06-17 12:59:20 INFO [SKIP] 005300 롯데칠성: already up to date (2026-06-17)
2026-06-17 12:59:20 INFO [SKIP] 004000 롯데정밀화학: already up to date (2026-06-17)
2026-06-17 12:59:21 INFO [SKIP] 023530 롯데쇼핑: already up to date (2026-06-17)
2026-06-17 12:59:21 INFO [SKIP] 280360 롯데웰푸드: already up to date (2026-06-17)
2026-06-17 12:59:22 INFO [SKIP] 138040 메리츠금융지주: already up to date (2026-06-17)
2026-06-17 12:59:22 INFO [SKIP] 006800 미래에셋증권: already up to date (2026-06-17)
2026-06-17 12:59:23 INFO [SKIP] 081660 미스토홀딩스: already up to date (2026-06-17)
2026-06-17 12:59:23 INFO [SKIP] 002840 미원상사: already up to date (2026-06-17)
2026-06-17 12:59:24 INFO [SKIP] 268280 미원에스씨: already up to date (2026-06-17)
2026-06-17 12:59:24 INFO [SKIP] 035420 NAVER: already up to date (2026-06-17)
2026-06-17 12:59:25 INFO [SKIP] 036570 엔씨소프트: already up to date (2026-06-17)
2026-06-17 12:59:25 INFO [SKIP] 251270 넷마블: already up to date (2026-06-17)
2026-06-17 12:59:26 INFO [SKIP] 005940 NH투자증권: already up to date (2026-06-17)
2026-06-17 12:59:26 INFO [SKIP] 004370 농심: already up to date (2026-06-17)
2026-06-17 12:59:27 INFO [SKIP] 010060 OCI홀딩스: already up to date (2026-06-17)
2026-06-17 12:59:27 INFO [SKIP] 271560 오리온: already up to date (2026-06-17)
2026-06-17 12:59:28 INFO [SKIP] 001800 오리온홀딩스: already up to date (2026-06-17)
2026-06-17 12:59:28 INFO [SKIP] 007310 오뚜기: already up to date (2026-06-17)
2026-06-17 12:59:29 INFO [SKIP] 028670 팬오션: already up to date (2026-06-17)
2026-06-17 12:59:29 INFO [SKIP] 034230 파라다이스: already up to date (2026-06-17)
2026-06-17 12:59:30 INFO [SKIP] 103140 풍산: already up to date (2026-06-17)
2026-06-17 12:59:30 INFO [SKIP] 022100 포스코DX: already up to date (2026-06-17)
2026-06-17 12:59:31 INFO [SKIP] 003670 포스코퓨처엠: already up to date (2026-06-17)
2026-06-17 12:59:31 INFO [SKIP] 047050 포스코인터내셔널: already up to date (2026-06-17)
2026-06-17 12:59:32 INFO [SKIP] 012750 에스원: already up to date (2026-06-17)
2026-06-17 12:59:33 INFO [SKIP] 062040 산일전기: already up to date (2026-06-17)
2026-06-17 12:59:33 INFO [SKIP] 207940 삼성바이오로직스: already up to date (2026-06-17)
2026-06-17 12:59:34 INFO [SKIP] 029780 삼성카드: already up to date (2026-06-17)
2026-06-17 12:59:34 INFO [SKIP] 028050 삼성E&A: already up to date (2026-06-17)
2026-06-17 12:59:35 INFO [SKIP] 000810 삼성화재: already up to date (2026-06-17)
2026-06-17 12:59:35 INFO [SKIP] 032830 삼성생명: already up to date (2026-06-17)
2026-06-17 12:59:36 INFO [SKIP] 016360 삼성증권: already up to date (2026-06-17)
2026-06-17 12:59:36 INFO [SKIP] 003230 삼양식품: already up to date (2026-06-17)
2026-06-17 12:59:37 INFO [SKIP] 137310 에스디바이오센서: already up to date (2026-06-17)
2026-06-17 12:59:37 INFO [SKIP] 001430 세아베스틸지주: already up to date (2026-06-17)
2026-06-17 12:59:38 INFO [SKIP] 003030 세아제강지주: already up to date (2026-06-17)
2026-06-17 12:59:38 INFO [SKIP] 004490 세방전지: already up to date (2026-06-17)
2026-06-17 12:59:39 INFO [SKIP] 055550 신한지주: already up to date (2026-06-17)
2026-06-17 12:59:39 INFO [SKIP] 004170 신세계: already up to date (2026-06-17)
2026-06-17 12:59:40 INFO [SKIP] 326030 SK바이오팜: already up to date (2026-06-17)
2026-06-17 12:59:40 INFO [SKIP] 302440 SK바이오사이언스: already up to date (2026-06-17)
2026-06-17 12:59:41 INFO [SKIP] 285130 SK케미칼: already up to date (2026-06-17)
2026-06-17 12:59:41 INFO [SKIP] 361610 SKIET: already up to date (2026-06-17)
2026-06-17 12:59:42 INFO [SKIP] 017670 SK텔레콤: already up to date (2026-06-17)
2026-06-17 12:59:42 INFO [SKIP] 011790 SKC: already up to date (2026-06-17)
2026-06-17 12:59:43 INFO [SKIP] 005850 에스엘: already up to date (2026-06-17)
2026-06-17 12:59:43 INFO [SKIP] 010950 S-Oil: already up to date (2026-06-17)
2026-06-17 12:59:44 INFO [SKIP] 003240 태광산업: already up to date (2026-06-17)
2026-06-17 12:59:44 INFO [SKIP] 001440 대한전선: already up to date (2026-06-17)
2026-06-17 12:59:45 INFO [SKIP] 069260 휴켐스: already up to date (2026-06-17)
2026-06-17 12:59:45 INFO [SKIP] 316140 우리금융지주: already up to date (2026-06-17)
2026-06-17 12:59:46 INFO [SKIP] 008730 율촌화학: already up to date (2026-06-17)
2026-06-17 12:59:46 INFO [SKIP] 000670 영풍: already up to date (2026-06-17)
2026-06-17 12:59:47 INFO [SKIP] 111770 영원무역: already up to date (2026-06-17)
2026-06-17 12:59:47 INFO [SKIP] 009970 영원무역홀딩스: already up to date (2026-06-17)
2026-06-17 12:59:48 INFO [SKIP] 000100 유한양행: already up to date (2026-06-17)
2026-06-17 12:59:48 INFO === Daily update done === stats: {'backfill': 0, 'update': 0, 'skip': 199, 'holiday': 0, 'archive': 0, 'error': 0}
