2026-08-06 07:00:51 INFO === Daily update start ===
2026-08-06 07:00:51 INFO log file: logs/update_20260806.log
2026-08-06 07:00:51 INFO 종목 마스터: 199 종목
2026-08-06 07:00:51 INFO 로컬 CSV: 199 종목
2026-08-06 07:00:52 INFO [DEBUG_COLS] OHLCV columns for 005930: ['시가', '고가', '저가', '종가', '거래량', '등락률']
2026-08-06 07:01:10 INFO [DEBUG_COLS] Trader columns for 005930: ['금융투자', '보험', '투신', '사모', '은행', '기타금융', '연기금', '기타법인', '개인', '외국인', '기타외국인', '전체']
2026-08-06 07:01:10 INFO [UPDATE] 005930 삼성전자: +1 rows (total 2503)
2026-08-06 07:01:11 INFO [UPDATE] 000660 SK하이닉스: +1 rows (total 2503)
2026-08-06 07:01:12 INFO [UPDATE] 006400 삼성SDI: +1 rows (total 2503)
2026-08-06 07:01:13 INFO [UPDATE] 009150 삼성전기: +1 rows (total 2503)
2026-08-06 07:01:14 INFO [UPDATE] 028260 삼성물산: +1 rows (total 2503)
2026-08-06 07:01:15 INFO [UPDATE] 010140 삼성중공업: +1 rows (total 2503)
2026-08-06 07:01:15 INFO [UPDATE] 018260 삼성에스디에스: +1 rows (total 2503)
2026-08-06 07:01:16 INFO [UPDATE] 005380 현대차: +1 rows (total 2503)
2026-08-06 07:01:17 INFO [UPDATE] 012330 현대모비스: +1 rows (total 2503)
2026-08-06 07:01:18 INFO [UPDATE] 064350 현대로템: +1 rows (total 2503)
2026-08-06 07:01:19 INFO [UPDATE] 267260 HD현대일렉트릭: +1 rows (total 2267)
2026-08-06 07:01:20 INFO Length mismatch: Expected axis has 0 elements, new values have 13 elements
2026-08-06 07:01:22 INFO Length mismatch: Expected axis has 0 elements, new values have 13 elements
2026-08-06 07:01:26 INFO Length mismatch: Expected axis has 0 elements, new values have 13 elements
2026-08-06 07:01:26 INFO Length mismatch: Expected axis has 0 elements, new values have 6 elements
2026-08-06 07:01:29 INFO Length mismatch: Expected axis has 0 elements, new values have 6 elements
2026-08-06 07:01:33 INFO Length mismatch: Expected axis has 0 elements, new values have 6 elements
2026-08-06 07:01:33 WARNING [000880] trader fetch 실패. 수급 0으로 채움.
2026-08-06 07:01:33 INFO [UPDATE] 000880 한화: +1 rows (total 2503)
2026-08-06 07:01:34 INFO [UPDATE] 012450 한화에어로스페이스: +1 rows (total 2503)
2026-08-06 07:01:34 INFO [UPDATE] 272210 한화시스템: +1 rows (total 1652)
2026-08-06 07:01:35 INFO [UPDATE] 042660 한화오션: +1 rows (total 2503)
2026-08-06 07:01:36 INFO [UPDATE] 034020 두산에너빌리티: +1 rows (total 2503)
2026-08-06 07:01:37 INFO [UPDATE] 006260 LS: +1 rows (total 2503)
2026-08-06 07:01:38 INFO [UPDATE] 010120 LS일렉트릭: +1 rows (total 2503)
2026-08-06 07:01:39 INFO [UPDATE] 003550 LG: +1 rows (total 2503)
2026-08-06 07:01:40 INFO [UPDATE] 066570 LG전자: +1 rows (total 2503)
2026-08-06 07:01:41 INFO [UPDATE] 064400 LG씨엔에스: +1 rows (total 368)
2026-08-06 07:01:42 INFO [UPDATE] 034730 SK: +1 rows (total 2503)
2026-08-06 07:01:42 INFO [UPDATE] 402340 SK스퀘어: +1 rows (total 1147)
2026-08-06 07:01:43 INFO [UPDATE] 096770 SK이노베이션: +1 rows (total 2503)
2026-08-06 07:01:44 INFO [UPDATE] 005490 POSCO홀딩스: +1 rows (total 2503)
2026-08-06 07:01:45 INFO [UPDATE] 278470 에이피알: +1 rows (total 594)
2026-08-06 07:01:46 INFO [UPDATE] 161890 한국콜마: +1 rows (total 2503)
2026-08-06 07:01:47 INFO [UPDATE] 007660 이수페타시스: +1 rows (total 2503)
2026-08-06 07:01:48 INFO [UPDATE] 042700 한미반도체: +1 rows (total 2503)
2026-08-06 07:01:48 INFO [UPDATE] 090430 아모레퍼시픽: +1 rows (total 2502)
2026-08-06 07:01:49 INFO [UPDATE] 002790 아모레퍼시픽홀딩스: +1 rows (total 2502)
2026-08-06 07:01:50 INFO [UPDATE] 002030 아세아: +1 rows (total 2502)
2026-08-06 07:01:51 INFO [UPDATE] 282330 BGF리테일: +1 rows (total 2123)
2026-08-06 07:01:52 INFO [UPDATE] 138930 BNK금융지주: +1 rows (total 2502)
2026-08-06 07:01:53 INFO [UPDATE] 068270 셀트리온: +1 rows (total 2502)
2026-08-06 07:01:54 INFO [UPDATE] 030000 제일기획: +1 rows (total 2502)
2026-08-06 07:01:54 INFO [UPDATE] 185750 종근당: +1 rows (total 2502)
2026-08-06 07:01:55 INFO [UPDATE] 001040 CJ: +1 rows (total 2502)
2026-08-06 07:01:56 INFO [UPDATE] 097950 CJ제일제당: +1 rows (total 2502)
2026-08-06 07:01:57 INFO [UPDATE] 000120 CJ대한통운: +1 rows (total 2502)
2026-08-06 07:01:58 INFO [UPDATE] 192820 코스맥스: +1 rows (total 2502)
2026-08-06 07:01:59 INFO [UPDATE] 005420 코스모화학: +1 rows (total 2502)
2026-08-06 07:02:00 INFO [UPDATE] 021240 코웨이: +1 rows (total 2502)
2026-08-06 07:02:00 INFO [UPDATE] 112610 씨에스윈드: +1 rows (total 2502)
2026-08-06 07:02:01 INFO [UPDATE] 001680 대상: +1 rows (total 2502)
2026-08-06 07:02:02 INFO [UPDATE] 047040 대우건설: +1 rows (total 2502)
2026-08-06 07:02:03 INFO [UPDATE] 003090 대웅: +1 rows (total 2502)
2026-08-06 07:02:04 INFO [UPDATE] 069620 대웅제약: +1 rows (total 2502)
2026-08-06 07:02:05 INFO [UPDATE] 005830 DB손해보험: +1 rows (total 2502)
2026-08-06 07:02:06 INFO [UPDATE] 000210 DL: +1 rows (total 2502)
2026-08-06 07:02:07 INFO [UPDATE] 375500 DL이앤씨: +1 rows (total 1356)
2026-08-06 07:02:08 INFO [UPDATE] 007340 DN오토모티브: +1 rows (total 2502)
2026-08-06 07:02:08 INFO [UPDATE] 026960 동서: +1 rows (total 2502)
2026-08-06 07:02:09 INFO [UPDATE] 006040 동원산업: +1 rows (total 2502)
2026-08-06 07:02:10 INFO [UPDATE] 014820 동원시스템즈: +1 rows (total 2502)
2026-08-06 07:02:11 INFO [UPDATE] 000150 두산: +1 rows (total 2502)
2026-08-06 07:02:12 INFO [UPDATE] 241560 두산밥캣: +1 rows (total 2382)
2026-08-06 07:02:13 INFO [UPDATE] 454910 두산로보틱스: +1 rows (total 691)
2026-08-06 07:02:14 INFO [UPDATE] 192080 더블유게임즈: +1 rows (total 2502)
2026-08-06 07:02:15 INFO [UPDATE] 450080 에코프로머티: +1 rows (total 661)
2026-08-06 07:02:16 INFO [UPDATE] 139480 이마트: +1 rows (total 2502)
2026-08-06 07:02:16 INFO [UPDATE] 383220 F&F: +1 rows (total 1277)
2026-08-06 07:02:17 INFO [UPDATE] 093370 후성: +1 rows (total 2502)
2026-08-06 07:02:18 INFO [UPDATE] 114090 GKL: +1 rows (total 2502)
2026-08-06 07:02:19 INFO [UPDATE] 006280 GC녹십자: +1 rows (total 2502)
2026-08-06 07:02:20 INFO [UPDATE] 005250 녹십자홀딩스: +1 rows (total 2502)
2026-08-06 07:02:21 INFO [UPDATE] 078930 GS: +1 rows (total 2502)
2026-08-06 07:02:21 INFO [UPDATE] 006360 GS건설: +1 rows (total 2502)
2026-08-06 07:02:22 INFO [UPDATE] 007070 GS리테일: +1 rows (total 2502)
2026-08-06 07:02:23 INFO [UPDATE] 086790 하나금융지주: +1 rows (total 2502)
2026-08-06 07:02:24 INFO [UPDATE] 009420 한올바이오파마: +1 rows (total 2502)
2026-08-06 07:02:25 INFO [UPDATE] 300720 한일시멘트: +1 rows (total 1963)
2026-08-06 07:02:26 INFO [UPDATE] 180640 한진칼: +1 rows (total 2502)
2026-08-06 07:02:27 INFO [UPDATE] 161390 한국타이어앤테크놀로지: +1 rows (total 2502)
2026-08-06 07:02:27 INFO [UPDATE] 000240 한국앤컴퍼니: +1 rows (total 2502)
2026-08-06 07:02:28 INFO [UPDATE] 128940 한미약품: +1 rows (total 2502)
2026-08-06 07:02:29 INFO [UPDATE] 008930 한미사이언스: +1 rows (total 2502)
2026-08-06 07:02:30 INFO [UPDATE] 018880 한온시스템: +1 rows (total 2502)
2026-08-06 07:02:31 INFO [UPDATE] 014680 한솔케미칼: +1 rows (total 2502)
2026-08-06 07:02:32 INFO [UPDATE] 009240 한샘: +1 rows (total 2502)
2026-08-06 07:02:33 INFO [UPDATE] 082740 한화엔진: +1 rows (total 2502)
2026-08-06 07:02:34 INFO [UPDATE] 088350 한화생명: +1 rows (total 2502)
2026-08-06 07:02:35 INFO [UPDATE] 009830 한화솔루션: +1 rows (total 2502)
2026-08-06 07:02:36 INFO [UPDATE] 267250 HD현대: +1 rows (total 2267)
2026-08-06 07:02:37 INFO [UPDATE] 329180 HD현대중공업: +1 rows (total 1193)
2026-08-06 07:02:37 INFO [UPDATE] 071970 HD현대마린엔진: +1 rows (total 2502)
2026-08-06 07:02:38 INFO [UPDATE] 443060 HD현대마린솔루션: +1 rows (total 547)
2026-08-06 07:02:39 INFO [UPDATE] 009540 HD한국조선해양: +1 rows (total 2502)
2026-08-06 07:02:40 INFO [UPDATE] 017960 한국카본: +1 rows (total 2502)
2026-08-06 07:02:41 INFO [UPDATE] 000080 하이트진로: +1 rows (total 2502)
2026-08-06 07:02:42 INFO [UPDATE] 204320 HL만도: +1 rows (total 2502)
2026-08-06 07:02:42 INFO [UPDATE] 011200 HMM: +1 rows (total 2502)
2026-08-06 07:02:43 INFO [UPDATE] 008770 호텔신라: +1 rows (total 2502)
2026-08-06 07:02:44 INFO [UPDATE] 298050 효성첨단소재: +1 rows (total 1979)
2026-08-06 07:02:45 INFO [UPDATE] 352820 하이브: +1 rows (total 1425)
2026-08-06 07:02:46 INFO [UPDATE] 298040 효성중공업: +1 rows (total 1979)
2026-08-06 07:02:47 INFO [UPDATE] 298020 효성티앤씨: +1 rows (total 1979)
2026-08-06 07:02:48 INFO [UPDATE] 307950 현대오토에버: +1 rows (total 1808)
2026-08-06 07:02:48 INFO [UPDATE] 069960 현대백화점: +1 rows (total 2502)
2026-08-06 07:02:49 INFO [UPDATE] 000720 현대건설: +1 rows (total 2502)
2026-08-06 07:02:50 INFO [UPDATE] 017800 현대엘리베이: +1 rows (total 2502)
2026-08-06 07:02:51 INFO [UPDATE] 086280 현대글로비스: +1 rows (total 2502)
2026-08-06 07:02:52 INFO [UPDATE] 001450 현대해상: +1 rows (total 2502)
2026-08-06 07:02:53 INFO [UPDATE] 004020 현대제철: +1 rows (total 2502)
2026-08-06 07:02:54 INFO [UPDATE] 011210 현대위아: +1 rows (total 2502)
2026-08-06 07:02:55 INFO [UPDATE] 139130 iM금융지주: +1 rows (total 2502)
2026-08-06 07:02:55 INFO [UPDATE] 024110 기업은행: +1 rows (total 2502)
2026-08-06 07:02:56 INFO [UPDATE] 457190 이수스페셜티케미컬: +1 rows (total 776)
2026-08-06 07:02:57 INFO [UPDATE] 175330 JB금융지주: +1 rows (total 2502)
2026-08-06 07:02:58 INFO [UPDATE] 035720 카카오: +1 rows (total 2502)
2026-08-06 07:02:59 INFO [UPDATE] 323410 카카오뱅크: +1 rows (total 1222)
2026-08-06 07:03:00 INFO [UPDATE] 377300 카카오페이: +1 rows (total 1165)
2026-08-06 07:03:00 INFO [UPDATE] 035250 강원랜드: +1 rows (total 2502)
2026-08-06 07:03:01 INFO [UPDATE] 105560 KB금융: +1 rows (total 2502)
2026-08-06 07:03:02 INFO [UPDATE] 002380 KCC: +1 rows (total 2502)
2026-08-06 07:03:03 INFO [UPDATE] 015760 한국전력: +1 rows (total 2502)
2026-08-06 07:03:04 INFO [UPDATE] 052690 한전기술: +1 rows (total 2502)
2026-08-06 07:03:05 INFO [UPDATE] 051600 한전KPS: +1 rows (total 2502)
2026-08-06 07:03:06 INFO [UPDATE] 000270 기아: +1 rows (total 2502)
2026-08-06 07:03:06 INFO [UPDATE] 039490 키움증권: +1 rows (total 2502)
2026-08-06 07:03:07 INFO [UPDATE] 120110 코오롱인더: +1 rows (total 2502)
2026-08-06 07:03:08 INFO [UPDATE] 047810 한국항공우주: +1 rows (total 2502)
2026-08-06 07:03:09 INFO [UPDATE] 071320 한국지역난방공사: +1 rows (total 2502)
2026-08-06 07:03:10 INFO [UPDATE] 036460 한국가스공사: +1 rows (total 2502)
2026-08-06 07:03:11 INFO [UPDATE] 071050 한국금융지주: +1 rows (total 2502)
2026-08-06 07:03:12 INFO [UPDATE] 006650 대한유화: +1 rows (total 2502)
2026-08-06 07:03:12 INFO [UPDATE] 010130 고려아연: +1 rows (total 2502)
2026-08-06 07:03:13 INFO [UPDATE] 003490 대한항공: +1 rows (total 2502)
2026-08-06 07:03:14 INFO [UPDATE] 259960 크래프톤: +1 rows (total 1220)
2026-08-06 07:03:15 INFO [UPDATE] 030200 KT: +1 rows (total 2502)
2026-08-06 07:03:16 INFO [UPDATE] 033780 KT&G: +1 rows (total 2502)
2026-08-06 07:03:17 INFO [UPDATE] 011780 금호석유: +1 rows (total 2502)
2026-08-06 07:03:17 INFO [UPDATE] 073240 금호타이어: +1 rows (total 2502)
2026-08-06 07:03:18 INFO [UPDATE] 066970 엘앤에프: +1 rows (total 2502)
2026-08-06 07:03:19 INFO [UPDATE] 051910 LG화학: +1 rows (total 2502)
2026-08-06 07:03:20 INFO [UPDATE] 034220 LG디스플레이: +1 rows (total 2502)
2026-08-06 07:03:21 INFO [UPDATE] 373220 LG에너지솔루션: +1 rows (total 1105)
2026-08-06 07:03:22 INFO [UPDATE] 051900 LG생활건강: +1 rows (total 2502)
2026-08-06 07:03:23 INFO [UPDATE] 011070 LG이노텍: +1 rows (total 2502)
2026-08-06 07:03:23 INFO [UPDATE] 032640 LG유플러스: +1 rows (total 2502)
2026-08-06 07:03:24 INFO [UPDATE] 079550 LIG넥스원: +1 rows (total 2502)
2026-08-06 07:03:25 INFO [UPDATE] 004990 롯데지주: +1 rows (total 2502)
2026-08-06 07:03:26 INFO [UPDATE] 011170 롯데케미칼: +1 rows (total 2502)
2026-08-06 07:03:27 INFO [UPDATE] 005300 롯데칠성: +1 rows (total 2502)
2026-08-06 07:03:28 INFO [UPDATE] 004000 롯데정밀화학: +1 rows (total 2502)
2026-08-06 07:03:28 INFO [UPDATE] 023530 롯데쇼핑: +1 rows (total 2502)
2026-08-06 07:03:29 INFO [UPDATE] 280360 롯데웰푸드: +1 rows (total 2152)
2026-08-06 07:03:30 INFO [UPDATE] 138040 메리츠금융지주: +1 rows (total 2502)
2026-08-06 07:03:31 INFO [UPDATE] 006800 미래에셋증권: +1 rows (total 2502)
2026-08-06 07:03:32 INFO [UPDATE] 081660 미스토홀딩스: +1 rows (total 2502)
2026-08-06 07:03:33 INFO [UPDATE] 002840 미원상사: +1 rows (total 2502)
2026-08-06 07:03:33 INFO [UPDATE] 268280 미원에스씨: +1 rows (total 2259)
2026-08-06 07:03:34 INFO [UPDATE] 035420 NAVER: +1 rows (total 2502)
2026-08-06 07:03:35 INFO [UPDATE] 036570 엔씨소프트: +1 rows (total 2502)
2026-08-06 07:03:36 INFO [UPDATE] 251270 넷마블: +1 rows (total 2265)
2026-08-06 07:03:37 INFO [UPDATE] 005940 NH투자증권: +1 rows (total 2502)
2026-08-06 07:03:38 INFO [UPDATE] 004370 농심: +1 rows (total 2502)
2026-08-06 07:03:39 INFO [UPDATE] 010060 OCI홀딩스: +1 rows (total 2502)
2026-08-06 07:03:40 INFO [UPDATE] 271560 오리온: +1 rows (total 2226)
2026-08-06 07:03:40 INFO [UPDATE] 001800 오리온홀딩스: +1 rows (total 2502)
2026-08-06 07:03:41 INFO [UPDATE] 007310 오뚜기: +1 rows (total 2502)
2026-08-06 07:03:42 INFO [UPDATE] 028670 팬오션: +1 rows (total 2502)
2026-08-06 07:03:43 INFO [UPDATE] 034230 파라다이스: +1 rows (total 2502)
2026-08-06 07:03:44 INFO [UPDATE] 103140 풍산: +1 rows (total 2502)
2026-08-06 07:03:45 INFO [UPDATE] 022100 포스코DX: +1 rows (total 2502)
2026-08-06 07:03:45 INFO [UPDATE] 003670 포스코퓨처엠: +1 rows (total 2502)
2026-08-06 07:03:46 INFO [UPDATE] 047050 포스코인터내셔널: +1 rows (total 2502)
2026-08-06 07:03:47 INFO [UPDATE] 012750 에스원: +1 rows (total 2502)
2026-08-06 07:03:48 INFO [UPDATE] 062040 산일전기: +1 rows (total 491)
2026-08-06 07:03:49 INFO [UPDATE] 207940 삼성바이오로직스: +1 rows (total 2388)
2026-08-06 07:03:50 INFO [UPDATE] 029780 삼성카드: +1 rows (total 2502)
2026-08-06 07:03:51 INFO [UPDATE] 028050 삼성E&A: +1 rows (total 2502)
2026-08-06 07:03:51 INFO [UPDATE] 000810 삼성화재: +1 rows (total 2502)
2026-08-06 07:03:52 INFO [UPDATE] 032830 삼성생명: +1 rows (total 2502)
2026-08-06 07:03:53 INFO [UPDATE] 016360 삼성증권: +1 rows (total 2502)
2026-08-06 07:03:54 INFO [UPDATE] 003230 삼양식품: +1 rows (total 2502)
2026-08-06 07:03:55 INFO [UPDATE] 137310 에스디바이오센서: +1 rows (total 1237)
2026-08-06 07:03:56 INFO [UPDATE] 001430 세아베스틸지주: +1 rows (total 2502)
2026-08-06 07:03:56 INFO [UPDATE] 003030 세아제강지주: +1 rows (total 2502)
2026-08-06 07:03:57 INFO [UPDATE] 004490 세방전지: +1 rows (total 2502)
2026-08-06 07:03:58 INFO [UPDATE] 055550 신한지주: +1 rows (total 2502)
2026-08-06 07:03:59 INFO [UPDATE] 004170 신세계: +1 rows (total 2502)
2026-08-06 07:04:00 INFO [UPDATE] 326030 SK바이오팜: +1 rows (total 1495)
2026-08-06 07:04:01 INFO [UPDATE] 302440 SK바이오사이언스: +1 rows (total 1321)
2026-08-06 07:04:01 INFO [UPDATE] 285130 SK케미칼: +1 rows (total 2106)
2026-08-06 07:04:02 INFO [UPDATE] 361610 SKIET: +1 rows (total 1284)
2026-08-06 07:04:03 INFO [UPDATE] 017670 SK텔레콤: +1 rows (total 2502)
2026-08-06 07:04:04 INFO [UPDATE] 011790 SKC: +1 rows (total 2502)
2026-08-06 07:04:05 INFO [UPDATE] 005850 에스엘: +1 rows (total 2502)
2026-08-06 07:04:06 INFO [UPDATE] 010950 S-Oil: +1 rows (total 2502)
2026-08-06 07:04:07 INFO [UPDATE] 003240 태광산업: +1 rows (total 2502)
2026-08-06 07:04:07 INFO [UPDATE] 001440 대한전선: +1 rows (total 2502)
2026-08-06 07:04:08 INFO [UPDATE] 069260 휴켐스: +1 rows (total 2502)
2026-08-06 07:04:09 INFO [UPDATE] 316140 우리금융지주: +1 rows (total 1838)
2026-08-06 07:04:10 INFO [UPDATE] 008730 율촌화학: +1 rows (total 2502)
2026-08-06 07:04:11 INFO [UPDATE] 000670 영풍: +1 rows (total 2502)
2026-08-06 07:04:12 INFO [UPDATE] 111770 영원무역: +1 rows (total 2502)
2026-08-06 07:04:13 INFO [UPDATE] 009970 영원무역홀딩스: +1 rows (total 2502)
2026-08-06 07:04:13 INFO [UPDATE] 000100 유한양행: +1 rows (total 2502)
2026-08-06 07:04:14 INFO === Daily update done === stats: {'backfill': 0, 'update': 199, 'skip': 0, 'holiday': 0, 'archive': 0, 'error': 0}
